(node:896) [MODULE_TYPELESS_PACKAGE_JSON] Warning: Module type of file:///C:/lwrpc-league-system/.local-validation/fast-fix-ratings-success/lwrpc-admin/app/lib/aiAnswerGeneration.js is not specified and it doesn't parse as CommonJS.
Reparsing as ES module because module syntax was detected. This incurs a performance overhead.
To eliminate this warning, add "type": "module" to C:\lwrpc-league-system\.local-validation\fast-fix-ratings-success\lwrpc-admin\package.json.
(Use `node --trace-warnings ...` to show where the warning was created)
✔ skips the answer model and returns the exact fallback when Stage 3 evidence is insufficient (11.5545ms)
✔ selects direct high-quality evidence, grounds the Responses request, and attaches only trusted sources (17.8237ms)
✔ returns a conservative clarification instead of a definitive model answer when supplied evidence conflicts (6.3064ms)
✔ prunes merely related deadline material while retaining same-rule and explicitly requested procedural support (7.4275ms)
✔ marks a selected rule as controlling when a more relevant guide also supplies procedural support (2.0349ms)
✔ preserves compact primary evidence for the five production Stage 4 evaluation cases (11.0556ms)
✔ preserves direct evidence for both roster management and Match Setup while pruning score entry (12.3071ms)
✔ uses the raw LMS-0703 production compound candidates to select only the direct roster-date and Match Setup deadline passages (18.8625ms)
✔ keeps roster-only and Match Setup-only source selections independent (4.6403ms)
✔ recognizes bounded roster-management and calendar wording variations in direct evidence (5.3257ms)
✔ reserves bounded evidence space for every detected compound intent (2.6192ms)
✔ builds concise trusted citation labels without duplicated rule metadata (0.5616ms)
✔ adds a browser-only PDF page fragment only for a valid cited chunk page (0.1427ms)
✔ classifies a native Responses API refusal without exposing its text (4.6427ms)
✔ classifies an incomplete max-output-token Responses result (5.2291ms)
✔ classifies missing, malformed, and schema-invalid native structured output (12.8616ms)
✔ classifies an API failure separately from structured-output failures (4.6302ms)
✔ classifies an unparsable successful API payload as response extraction failure (4.6548ms)
✔ rejects citations that are not from supplied exact active-version evidence (2.1995ms)
✔ uses the explicit ownership FK in the production dual-relationship schema and revalidates the cited searchable chunk (3.6335ms)
✔ protects the answer route and preserves the required Stage 4 evaluation prompts (12.0094ms)
(node:27052) [MODULE_TYPELESS_PACKAGE_JSON] Warning: Module type of file:///C:/lwrpc-league-system/.local-validation/fast-fix-ratings-success/lwrpc-admin/app/lib/aiDocumentMetadata.js is not specified and it doesn't parse as CommonJS.
Reparsing as ES module because module syntax was detected. This incurs a performance overhead.
To eliminate this warning, add "type": "module" to C:\lwrpc-league-system\.local-validation\fast-fix-ratings-success\lwrpc-admin\package.json.
(Use `node --trace-warnings ...` to show where the warning was created)
✔ LMS-0706 catalog type, default rank, edit roundtrip and exact fallback (7.8176ms)
✔ LMS-0706 medical retirement: direct LWR conflict excludes USAP before model and citations (32.4458ms)
✔ LMS-0706 scoring freeze: direct LWR conflict excludes USAP before model and citations (10.1028ms)
✔ LMS-0711 production-shaped LWR match-equipment probe controls only club-selected equipment (14.194ms)
✔ LMS-0711 keeps USAP governing for legal-ball specifications and damaged-ball questions (7.5204ms)
✔ LMS-0706 Match Setup stays under Rule 5.4 despite higher USAP score (2.8254ms)
✔ LMS-0706 ordinary uploaded USAP fallback: Can I volley in the kitchen? (4.7454ms)
✔ LMS-0706 ordinary uploaded USAP fallback: Can a serve touch the baseline? (4.8778ms)
✔ LMS-0706 ordinary uploaded USAP fallback: Must the ball bounce twice? (3.8753ms)
✔ LMS-0706 general LWR material, title-only matches and scattered terms do not suppress USAP (6.1273ms)
✔ LMS-0706 a general serving rule does not override a specific baseline issue (2.109ms)
✔ LMS-0706 a guide cannot independently override a USAP playing rule, even at rank 1 (1.031ms)
✔ LMS-0708 authority review keeps an unrelated LWR rule from suppressing USAP fallback (1.1451ms)
✔ LMS-0708 production-shaped medical density fixture selects the rank-11 LWR rule before model generation (5.6453ms)
✔ LMS-0708 preserves the explicit medical continuation control question (3.4228ms)
✔ LMS-0709 selects the production USAP NVZ rule by player-question scope (23.4581ms)
✔ LMS-0710 keeps coaching access distinct from a server foot-contact rule (14.5496ms)
✔ LMS-0706 mixed intents retain LWR lineup and USAP volley rules independently (5.0535ms)
✔ LMS-0706 mixed USAP chunk cannot leak an overridden sibling passage (3.665ms)
✔ LMS-0706 insufficient, below-threshold and unrelated USAP evidence still skip generation (3.4477ms)
✔ LMS-0706 does not select an unfinished USAP condition as governing evidence (1.6832ms)
(node:12488) [MODULE_TYPELESS_PACKAGE_JSON] Warning: Module type of file:///C:/lwrpc-league-system/.local-validation/fast-fix-ratings-success/lwrpc-admin/app/lib/aiAnswerGeneration.js is not specified and it doesn't parse as CommonJS.
Reparsing as ES module because module syntax was detected. This incurs a performance overhead.
To eliminate this warning, add "type": "module" to C:\lwrpc-league-system\.local-validation\fast-fix-ratings-success\lwrpc-admin\package.json.
(Use `node --trace-warnings ...` to show where the warning was created)
✔ 0717 correction actual list parent survives without unrelated sibling bullets (19.7031ms)
✔ 0717 correction medical: What happens if a player has a medical issue and cannot finish the game? (24.4624ms)
✔ 0717 correction medical: Medical issue during match (11.1446ms)
✔ 0717 correction medical: Someone got hurt halfway through the game and can't finish. What do we do? (10.0571ms)
✔ 0717 correction rating method: How is Season DUPR calculated? (8.4032ms)
✔ 0717 correction rating method: What is Season DUPR? (4.3714ms)
✔ 0717 correction rating method: How is my Season DUPR determined? (4.769ms)
✔ 0717 correction NR and Reliability Factor retain only material definition (4.9464ms)
✔ 0717 correction guard through selector: Can I use a player that's not on my roster? (3.5366ms)
✔ 0717 correction guard through selector: Does a player have to be on the roster before playing? (5.4944ms)
✔ 0717 correction guard through selector: What happens if a player wasn't on the roster? (5.4187ms)
✔ 0717 correction protected: Who is on my roster? (2.687ms)
✔ 0717 correction protected: Show me my roster. (2.0162ms)
✔ 0717 correction protected: Is John Smith on my roster? (0.1974ms)
✔ 0717 correction protected: Did I already add John Smith to my roster? (0.2587ms)
✔ 0717 correction protected: What is my DUPR? (0.2017ms)
✔ 0717 correction protected: What is my Season DUPR? (0.1368ms)
✔ 0717 correction two-stage object and league clarification preserves signed context (41.7499ms)
✔ 0717 correction named league and accepted roster/Friday-lineup compound do not ask another question (17.927ms)
✔ 0717 correction production damaged ball: What happens if we have a cracked ball when playing a point? (7.2712ms)
✔ 0717 correction production damaged ball: What happens if the ball cracks during a rally? (7.8325ms)
✔ 0717 correction production damaged ball: What if the ball breaks while we're playing the point? (4.8647ms)
✔ 0717 correction production damaged ball: What happens if we discover the ball is cracked after the rally? (4.9687ms)
✔ 0717 correction production damaged ball: Can we replay a point if the ball breaks? (5.5247ms)
✔ 0717 correction damage morphology is bounded to the ball, separate from specifications/other objects (5.8846ms)
✔ 0717 correction preserved real production equipment and USAP controls (42.885ms)
✔ 0717 correction actual model transport receives qualified replay evidence, not universal replay text (9.5201ms)
✔ 0717 correction manager route uses shared clarification before generation and retains manager origin (12.8969ms)
✔ 0717 correction desktop disclaimer has eight-pixel top/bottom gaps; existing mobile owner remains (4.4046ms)
✔ 0717 correction manager clarification executes without model and retains actual retrieval diagnostics (8.6204ms)
(node:23236) [MODULE_TYPELESS_PACKAGE_JSON] Warning: Module type of file:///C:/lwrpc-league-system/.local-validation/fast-fix-ratings-success/lwrpc-admin/app/lib/aiRetrieval.js is not specified and it doesn't parse as CommonJS.
Reparsing as ES module because module syntax was detected. This incurs a performance overhead.
To eliminate this warning, add "type": "module" to C:\lwrpc-league-system\.local-validation\fast-fix-ratings-success\lwrpc-admin\package.json.
(Use `node --trace-warnings ...` to show where the warning was created)
✔ validates bounded manager retrieval requests and supported context (2.4001ms)
✔ uses one compatible embedding and the protected hybrid RPC without chat generation (11.6199ms)
✔ keeps authority subject-relevant and evidence fallback conservative (0.3187ms)
✔ retrieval SQL locks out inactive, historical, failed, and excluded content while retaining catalog authority (8.2037ms)
✔ generic exact matching recognizes unseen official phrases without boosting generic words (5.1443ms)
✔ FTS removes generic question framing while retaining meaningful content terms (1.4592ms)
✔ uses generic deadline and procedural compatibility without changing hybrid weights (8.1216ms)
✔ grounds lineup terminology in official Match Setup evidence without expanding unrelated lineups (1.2381ms)
✔ derives bounded typo normalizations from official candidate vocabulary (2.3785ms)
✔ 0720 preserves the original RPC query and exposes corpus suggestion separately from interpretation (2.1499ms)
✔ uses a generic interpersonal-conduct signal without targeting a document (2.2756ms)
✔ uses a generic interruption expansion without injecting an official outcome term (4.7492ms)
✔ LMS-0709 adds kitchen/NVZ terminology only for a document-grounded pickleball-rule context (3.3288ms)
✔ LMS-0708 keeps the singular and plural match detector identical in Stage 3 SQL (1.4372ms)
✔ LMS-0711 adds a bounded, deduplicated LWR match-equipment probe without changing normal candidates (5.4498ms)
✔ retrieval route is League Manager protected and has no answer-model path (1.4423ms)
✔ includes the approved multi-document, paired-intent, conduct, natural-language, typo, and unsupported-question evaluation prompts (0.3388ms)
(node:14040) [MODULE_TYPELESS_PACKAGE_JSON] Warning: Module type of file:///C:/lwrpc-league-system/.local-validation/fast-fix-ratings-success/lwrpc-admin/app/lib/askLwrConversationState.js is not specified and it doesn't parse as CommonJS.
Reparsing as ES module because module syntax was detected. This incurs a performance overhead.
To eliminate this warning, add "type": "module" to C:\lwrpc-league-system\.local-validation\fast-fix-ratings-success\lwrpc-admin\package.json.
(Use `node --trace-warnings ...` to show where the warning was created)
✔ LMS-0712 standalone precedence: Can I volley in the kitchen? (24.5974ms)
✔ LMS-0712 standalone precedence: what kind of ball are we using (4.6901ms)
✔ LMS-0712 standalone precedence: What are the USA Pickleball requirements for a legal ball? (5.8975ms)
✔ LMS-0712 standalone precedence: What happens if the ball is damaged during play? (9.8575ms)
✔ LMS-0712 bounded subject fragment: Ball (2.1839ms)
✔ LMS-0712 bounded subject fragment: Paddle (2.0346ms)
✔ LMS-0712 bounded subject fragment: Ball. (1.5697ms)
✔ LMS-0712 bounded subject fragment: the outdoor ball (2.1216ms)
✔ LMS-0712 bounded subject fragment: our team clothing (2.1452ms)
✔ LMS-0712 bounded subject fragment: the paddle surface (3.5039ms)
✔ LMS-0712 bounded subject fragment: Shoes (3.7255ms)
✔ LMS-0712 unrelated ambiguity never repeats color or overwrites actual raw diagnostics (2.958ms)
✔ LMS-0712 guards raw personal follow-ups and composed effective questions (1.6875ms)
✔ LMS-0712 ordinary and kitchen follow-up context remains usable (3.8274ms)
✔ LMS-0712 explicit null survives restoration and never reads display receipts (0.3939ms)
✔ LMS-0712 late completion cannot replace a newer request context (0.1275ms)
✔ LMS-0712 bounded color evidence: Are there any color considerations for Ball? (8.79ms)
✔ LMS-0712 bounded color evidence: Are there any color restrictions for the ball? (2.0946ms)
✔ LMS-0712 bounded color evidence: What color requirements are there for a ball? (1.6652ms)
✔ LMS-0712 color negative control: Are there any color considerations for Paddle? (2.5037ms)
✔ LMS-0712 color negative control: Are there any red color considerations for Ball? (1.1767ms)
✔ LMS-0712 color negative control: Are there any color considerations for Ball at night? (1.2634ms)
✔ LMS-0712 color negative control: What pressure must the ball have? (1.3251ms)
✔ LMS-0712 color negative control: What happens if the ball is damaged during play? (2.7584ms)
✔ LMS-0712 color negative control: What are the USA Pickleball requirements for a legal ball? (2.5358ms)
✔ LMS-0712 integrated Color -> Ball -> standalone with authoritative receipt (17.0574ms)
✔ LMS-0712 integrated Color -> Paddle -> standalone with authoritative receipt (8.3334ms)
✔ LMS-0712 integrated standalone source paths and kitchen momentum (36.9888ms)
✔ LMS-0712 mobile layout and feedback rendering contracts (14.6376ms)
✔ LMS-0725 compact welcome and help examples use normal submit (1.7904ms)
(node:27392) [MODULE_TYPELESS_PACKAGE_JSON] Warning: Module type of file:///C:/lwrpc-league-system/.local-validation/fast-fix-ratings-success/lwrpc-admin/app/lib/aiEquipmentIntents.js is not specified and it doesn't parse as CommonJS.
Reparsing as ES module because module syntax was detected. This incurs a performance overhead.
To eliminate this warning, add "type": "module" to C:\lwrpc-league-system\.local-validation\fast-fix-ratings-success\lwrpc-admin\package.json.
(Use `node --trace-warnings ...` to show where the warning was created)
✔ Are we going to use the Lifetime ball (27.0821ms)
✔ Will we use the Lifetime ball? (4.4393ms)
✔ Are we using the Lifetime ball? (2.6227ms)
✔ Is the league going to use the Lifetime ball? (5.996ms)
✔ Will we be using a different ball? (2.3518ms)
✔ Are we going to use the ExampleBrand pickleball? (2.6077ms)
✔ legal specifications, damage and personal equipment permission retain boundaries (0.4077ms)
✔ no source means no invented brand answer (2.3726ms)
ℹ tests 127
ℹ suites 0
ℹ pass 127
ℹ fail 0
ℹ cancelled 0
ℹ skipped 0
ℹ todo 0
ℹ duration_ms 7172.7793
