(node:27224) [MODULE_TYPELESS_PACKAGE_JSON] Warning: Module type of file:///C:/lwrpc-league-system/.local-validation/fast-fix-ratings-success/lwrpc-admin/app/lib/aiEligibilityService.js is not specified and it doesn't parse as CommonJS.
Reparsing as ES module because module syntax was detected. This incurs a performance overhead.
To eliminate this warning, add "type": "module" to C:\lwrpc-league-system\.local-validation\fast-fix-ratings-success\lwrpc-admin\package.json.
(Use `node --trace-warnings ...` to show where the warning was created)
{
  "managedRoster": true,
  "prospectivePair": true,
  "mixedPair": true,
  "coCaptains": true,
  "unmanagedTeamDenied": true,
  "contextRequired": true,
  "playerDenied": true,
  "viewAsDenied": true,
  "commissionerPreserved": true,
  "clubProUnchanged": true,
  "minimalProjection": true,
  "communityScope": true,
  "revocation": true,
  "audit": true,
  "replay": true,
  "transactionRollback": true,
  "operationalRollback": true,
  "browserDenied": true,
  "businessDataUnchanged": true,
  "postgres": "PostgreSQL 17.11 on x86_64-windows, compiled by msvc-19.44.35228, 64-bit",
  "loopbackOnly": true
}
