Retrieving project…
Deploying terry-lwrpc/lwrpc-admin
Uploading [--------------------] (0.0B/315.4KB)
Uploading [=====---------------] (80.3KB/315.4KB)
Uploading [==========----------] (169.0KB/315.4KB)
Uploading [===============-----] (249.0KB/315.4KB)
Uploading [====================] (315.4KB/315.4KB)
  Inspect     https://vercel.com/terry-lwrpc/lwrpc-admin/EesjhBpXCrugcoUAihC4Fy7wqzhB
▲ Production  https://lwrpc-admin-elk0lf01l-terry-lwrpc.vercel.app
Building…
Building…
Running build in Washington, D.C., USA (East) – iad1
Build machine configuration: 2 cores, 8 GB
Retrieving list of deployment files...
Downloading 1212 deployment files...
Restored build cache from previous deployment (5hYSN6eZN7SVJUQi7Uch7s5D2Nwd)
Running "vercel build"
Vercel CLI 59.11.7
Installing dependencies...
up to date in 912ms
152 packages are looking for funding
run `npm fund` for details
npm warn allow-scripts 2 packages have install scripts not yet covered by allowScripts:
npm warn allow-scripts   sharp@0.34.5 (install: node install/check.js || npm run build)
npm warn allow-scripts   unrs-resolver@1.11.1 (postinstall: napi-postinstall unrs-resolver 1.11.1 check)
npm warn allow-scripts
npm warn allow-scripts Run `npm approve-scripts --allow-scripts-pending` to review, or `npm approve-scripts <pkg>` to allow.
Detected Next.js version: 16.2.4
Running "npm run build"
> lwrpc-admin@0.1.555 build
> next build
Applying modifyConfig from Vercel
▲ Next.js 16.2.4 (Turbopack)
Creating an optimized production build ...
✓ Compiled successfully in 26.3s
Running TypeScript ...
Finished TypeScript in 5.2s ...
Collecting page data using 1 worker ...
Generating static pages using 1 worker (0/83) ...
Generating static pages using 1 worker (20/83)
Generating static pages using 1 worker (41/83)
Generating static pages using 1 worker (62/83)
✓ Generating static pages using 1 worker (83/83) in 513ms
Finalizing page optimization ...
Running onBuildComplete from Vercel
Route (app)
┌ ƒ /
├ ƒ /_not-found
├ ƒ /ai-assistant
├ ƒ /ai-assistant/console
├ ƒ /ai-assistant/review
├ ƒ /ai-insights
├ ƒ /api/account-identity
├ ƒ /api/admin/delete-member
├ ƒ /api/admin/member-directory
├ ƒ /api/admin/member-last-login
├ ƒ /api/ai-assistant/answer
├ ƒ /api/ai-assistant/approved-answers
├ ƒ /api/ai-assistant/capture-health
├ ƒ /api/ai-assistant/documents
├ ƒ /api/ai-assistant/live-review
├ ƒ /api/ai-assistant/retrieval
├ ƒ /api/ai-assistant/review
├ ƒ /api/ai-insights
├ ƒ /api/app-notifications/public-key
├ ƒ /api/app-notifications/subscribe
├ ƒ /api/approved-answer-viewer
├ ƒ /api/ask-lwr
├ ƒ /api/ask-lwr/feedback
├ ƒ /api/brevo-diagnostics
├ ƒ /api/league-communications
├ ƒ /api/master-reset
├ ƒ /api/match-lineups
├ ƒ /api/match-setup-reminders
├ ƒ /api/member-password-reset-check
├ ƒ /api/notification-template-history
├ ƒ /api/notification-templates
├ ƒ /api/notifications
├ ƒ /api/official-document-viewer
├ ƒ /api/official-document-viewer/pdf
├ ƒ /api/pbcc/reminders
├ ƒ /api/ratings/import
├ ƒ /api/ratings/initialize
├ ƒ /api/ratings/workflow
├ ƒ /api/round-robin/action
├ ƒ /api/round-robin/admin
├ ƒ /api/round-robin/player
├ ƒ /api/score-notification
├ ƒ /api/season-reset
├ ƒ /api/season-rollover
├ ƒ /api/system-settings
├ ƒ /api/teams/delete
├ ƒ /api/tournaments/action
├ ƒ /api/tournaments/admin
├ ƒ /api/tournaments/sms
├ ƒ /api/user-last-logins
├ ƒ /api/view-as/bootstrap
├ ƒ /api/view-as/exchange
├ ƒ /api/view-as/read
├ ƒ /api/view-as/start
├ ƒ /approved-answer/[citation]
├ ƒ /ask-lwr
├ ƒ /captain-dashboard
├ ƒ /design-preview
├ ƒ /design-preview/admin
├ ƒ /design-preview/captain
├ ƒ /divisions
├ ƒ /divisions/[id]
├ ƒ /email-options
├ ƒ /help/[role]
├ ƒ /league-communications
├ ƒ /leagues
├ ƒ /live-match/[id]
├ ƒ /locations
├ ƒ /login
├ ƒ /matches
├ ƒ /matches/[id]
├ ƒ /member-import
├ ƒ /members
├ ƒ /members/[id]
├ ƒ /official-document/[citation]
├ ƒ /player-dashboard
├ ƒ /print
├ ƒ /ratings
├ ƒ /reset-password
├ ƒ /round-robin
├ ƒ /round-robin/[id]
├ ƒ /round-robin/[id]/admin
├ ƒ /round-robin/[id]/player
├ ƒ /schedule-editor
├ ƒ /scheduling
├ ƒ /score-entry/[id]
├ ƒ /score-sheets
├ ƒ /scoring
├ ƒ /seasons
├ ƒ /standings
├ ƒ /system-setup
├ ƒ /teams
├ ƒ /teams/[id]
├ ƒ /tournaments
├ ƒ /tournaments/[id]
├ ƒ /tournaments/[id]/admin
├ ƒ /tournaments/[id]/display
├ ƒ /tournaments/[id]/player
├ ƒ /tournaments/[id]/standings
└ ƒ /view-as
ƒ Proxy (Middleware)
ƒ  (Dynamic)  server-rendered on demand
Build Completed in /vercel/output [36s]
Deploying outputs...
[2K[1A[2K[G▲ Production  https://lwrpc-admin-elk0lf01l-terry-lwrpc.vercel.app
Completing…
▲ Aliased     https://lwrpc-admin.vercel.app
{
  "status": "ok",
  "deployment": {
    "id": "dpl_EesjhBpXCrugcoUAihC4Fy7wqzhB",
    "url": "https://lwrpc-admin-elk0lf01l-terry-lwrpc.vercel.app",
    "inspectorUrl": "https://vercel.com/terry-lwrpc/lwrpc-admin/EesjhBpXCrugcoUAihC4Fy7wqzhB",
    "readyState": "READY",
    "target": "production",
    "deploymentApiUrl": "https://api.vercel.com/v13/deployments/dpl_EesjhBpXCrugcoUAihC4Fy7wqzhB"
  },
  "message": "Deployment lwrpc-admin-elk0lf01l-terry-lwrpc.vercel.app ready.",
  "next": [
    {
      "command": "vercel inspect lwrpc-admin-elk0lf01l-terry-lwrpc.vercel.app",
      "when": "Inspect deployment"
    },
    {
      "command": "vercel deploy --prod",
      "when": "Promote to production"
    }
  ]
}
