(node:15592) [MODULE_TYPELESS_PACKAGE_JSON] Warning: Module type of file:///C:/lwrpc-league-system/lwrpc-admin/app/lib/aiRetrieval.js is not specified and it doesn't parse as CommonJS.
Reparsing as ES module because module syntax was detected. This incurs a performance overhead.
To eliminate this warning, add "type": "module" to C:\lwrpc-league-system\lwrpc-admin\package.json.
(Use `node --trace-warnings ...` to show where the warning was created)
✔ 0722 production-format original/vector-reuse replay: I could use some clarification on the Saturday league mixed doubles. Is it permissible to use players other than the 12 that played in the single gender matches? (69.8353ms)
✔ 0722 production-format original/vector-reuse replay: What is the website for the club (7.6897ms)
✔ 0722 production-format original/vector-reuse replay: what are your rally scoring rules (10.2167ms)
✔ 0722 production-format original/vector-reuse replay: Is the kitchen the same as the NVZ (9.8377ms)
✔ 0722 production-format original/vector-reuse replay: clothing (4.9086ms)
✔ 0722 production-format original/vector-reuse replay: I am unable to log into my account. How do I reset my password (19.8299ms)
✔ 0722 production-format original/vector-reuse replay: Where do I find the info on what Pickleball’s we will be using with weekday league? I thought I read that we were using Joola HC-40. (23.2763ms)
✔ 0722 production-format original/vector-reuse replay: So one more clarification... do we need a min of 2 men and 2 women, all under 9.1 combined, to play best of 3 men's games, 3 women's games, and 3 mixed games? And since that's a lot in the heat, you suggest a roster of 6 people total? (28.7618ms)
✔ 0722 production-format original/vector-reuse replay: Interested in putting together a team from LWRCC but need to understand better how many players we need for each team and assume that any two need a combined dupr of 9.1 or less? (21.1643ms)
✔ 0722 production-format original/vector-reuse replay: How many players do i need for the primetime league (14.4069ms)
✔ 0722 production-format original/vector-reuse replay: Can I stand in the kitchen when I am not volleying? (13.0775ms)
✔ 0722 production-format original/vector-reuse replay: What is the PrimeTime Picklebreaker format? (8.751ms)
✔ 0722 production-format original/vector-reuse replay: How many players play in a Weekday 9.1 match? (27.3596ms)
✔ 0722 production-format original/vector-reuse replay: Does the weekday 9.1 league have a different format? (57.5401ms)
✔ 0722 production-format original/vector-reuse replay: We are currently trying to order a blouse for our team. Are there any color restrictions? (15.0005ms)
✔ 0722 production-format original/vector-reuse replay: How many players do I need for the PrimeTime League? (9.2246ms)
✔ 0722 production-format original/vector-reuse replay: How many players do I need for the Saturday League? (10.7963ms)
✔ 0722 production-format original/vector-reuse replay: How many players do I need for Weekday? (9.3564ms)
✔ 0722 production-format original/vector-reuse replay: How many players do I need for Weekday 9.1? (28.894ms)
✔ 0722 production-format original/vector-reuse replay: What kind of games will be played in the Saturday League? (18.8282ms)
✔ 0722 production-format original/vector-reuse replay: What is the PrimeTime match format? (7.8336ms)
✔ 0722 production-format original/vector-reuse replay: What is the Saturday match format? (13.0828ms)
✔ 0722 production-format original/vector-reuse replay: How many players do I need for PrimeTime? (8.0923ms)
✔ 0722 production-format original/vector-reuse replay: How many players do I need for Saturday? (10.0674ms)
✔ 0722 production-format original/vector-reuse replay: How does the PrimeTime Picklebreaker work? (6.9694ms)
✔ 0722 production-format original/vector-reuse replay: How does the Saturday Picklebreaker work? (10.2667ms)
✔ 0722 production-format original/vector-reuse replay: What kind of games will be played in the primetime league (14.3367ms)
✔ 0722 apparel object is explicit: We are currently trying to order a blouse for our team. Are there any color restrictions? (1.7596ms)
✔ 0722 apparel object is explicit: Are there color restrictions for our team shirts? (0.8993ms)
✔ 0722 apparel object is explicit: Can our team wear any color jersey? (0.2294ms)
✔ 0722 apparel object is explicit: We're ordering blouses for the team. Are there color restrictions? (0.3109ms)
✔ 0722 unbound color clarifies: What color can our team wear? (0.3064ms)
✔ 0722 unbound color clarifies: Are there color restrictions? (0.1333ms)
✔ 0722 protected intent: What email address is my account under? (0.1361ms)
✔ 0722 protected intent: What is my DUPR? (0.1964ms)
✔ 0722 protected intent: What team am I on? (0.0537ms)
✔ 0722 protected intent: Did I enter my match scores? (0.0721ms)
✔ 0722 documented procedure remains public: How do I reset my password? (0.2021ms)
✔ 0722 documented procedure remains public: Where do I enter match scores? (0.122ms)
✔ 0722 documented procedure remains public: How do I update my roster? (0.0591ms)
✔ 0722 generic equal-authority target conflict is order-independent and skips generation (3.4128ms)
✔ 0722 document navigation uses active catalog/anchor without scores, embeddings or model (0.977ms)
✔ 0722 scoped rally evidence cannot leak another league: Saturday (106.2148ms)
✔ 0722 scoped rally evidence cannot leak another league: Weekday (100.6301ms)
✔ 0722 scoped rally evidence cannot leak another league: PrimeTime (100.5328ms)
✔ 0722 current-rule scope and division applicability: How many players do I need for the PrimeTime League? (36.4578ms)
✔ 0722 current-rule scope and division applicability: How many players play in a Weekday 9.1 match? (158.1168ms)
✔ 0722 current-rule scope and division applicability: How many players do I need for Saturday? (33.9791ms)
✔ 0722 current-rule scope and division applicability: How is Weekday 9.1 different? (180.0783ms)
✔ 0722 current-rule scope and division applicability: Is Weekday 9.1 a flex league? (143.7721ms)
✔ 0722 current-rule scope and division applicability: When does Weekday 9.1 normally play? (144.1638ms)
✔ 0722 current-rule scope and division applicability: Can Weekday 9.1 captains change the match time? (143.5151ms)
✔ 0722 current-rule scope and division applicability: What is the Saturday 9.1 format? (309.8729ms)
✔ 0722 current-rule scope and division applicability: What is the Weekday format? (63.3055ms)
✔ 0722 overall roster question cannot use fielded-player rule (12.1307ms)
✔ 0722 document identity: Show me the Captains Guide (0.2046ms)
✔ 0722 document identity: Where are the Important Dates? (0.0593ms)
✔ 0722 document identity: Where is the Players Guide? (0.0961ms)
✔ 0722 document identity: Where is the USAP rulebook? (0.1117ms)
✔ 0722 account identity embedded in how-to remains protected (0.1613ms)
✔ 0722 MUST PASS named-league evidence and absence of foreign scope: How many players do I need for the PrimeTime League? (9.0904ms)
✔ 0722 MUST PASS named-league evidence and absence of foreign scope: How many players do I need for the Saturday League? (8.3666ms)
✔ 0722 MUST PASS named-league evidence and absence of foreign scope: How many players do I need for Weekday? (7.1648ms)
✔ 0722 MUST PASS named-league evidence and absence of foreign scope: How many players do I need for Weekday 9.1? (26.0217ms)
✔ 0722 MUST PASS named-league evidence and absence of foreign scope: What kind of games will be played in the primetime league (12.3952ms)
✔ 0722 MUST PASS named-league evidence and absence of foreign scope: What kind of games will be played in the Saturday League? (13.0702ms)
✔ 0722 MUST PASS named-league evidence and absence of foreign scope: What is the PrimeTime match format? (4.289ms)
✔ 0722 MUST PASS named-league evidence and absence of foreign scope: What is the Saturday match format? (8.7561ms)
✔ 0722 MUST PASS named-league evidence and absence of foreign scope: How many players do I need for PrimeTime? (6.1782ms)
✔ 0722 MUST PASS named-league evidence and absence of foreign scope: How many players do I need for Saturday? (5.9971ms)
✔ 0722 MUST PASS named-league evidence and absence of foreign scope: How does the PrimeTime Picklebreaker work? (6.5289ms)
✔ 0722 MUST PASS named-league evidence and absence of foreign scope: How does the Saturday Picklebreaker work? (8.9368ms)
✔ 0722 adjoining numbered league passages override an ambiguous containing heading (0.7526ms)
ℹ tests 73
ℹ suites 0
ℹ pass 73
ℹ fail 0
ℹ cancelled 0
ℹ skipped 0
ℹ todo 0
ℹ duration_ms 2409.2263
