
> lwrpc-admin@0.1.553 lint
> eslint


C:\lwrpc-league-system\lwrpc-admin\app\captain-dashboard\page.js
  812:6  warning  React Hook useCallback has an unnecessary dependency: 'router'. Either exclude it or remove the dependency array  react-hooks/exhaustive-deps

C:\lwrpc-league-system\lwrpc-admin\app\lib\askLwrPlayerAnswer.js
  137:29  warning  'documentId' is defined but never used         @typescript-eslint/no-unused-vars
  137:41  warning  'documentVersionId' is defined but never used  @typescript-eslint/no-unused-vars
  137:60  warning  'chunkId' is defined but never used            @typescript-eslint/no-unused-vars

C:\lwrpc-league-system\lwrpc-admin\app\player-dashboard\page.js
  2182:10  warning  'PlayerHistoryDetailsModal' is defined but never used      @typescript-eslint/no-unused-vars
  2201:10  warning  'calculatePlayerHistoryDetails' is defined but never used  @typescript-eslint/no-unused-vars

C:\lwrpc-league-system\lwrpc-admin\scripts\lms0725-authorized-model-validation.mjs
  7:8  warning  'selectAnswerEvidence' is assigned a value but never used  @typescript-eslint/no-unused-vars
  8:8  warning  'selectPolicyEvidence' is assigned a value but never used  @typescript-eslint/no-unused-vars

C:\lwrpc-league-system\lwrpc-admin\scripts\lms0725-evidence-audit.mjs
  26:27  warning  'excerptItems' is defined but never used  @typescript-eslint/no-unused-vars

C:\lwrpc-league-system\lwrpc-admin\scripts\lms0725-postgres-replay.mjs
  13:17  warning  'id' is defined but never used  @typescript-eslint/no-unused-vars

C:\lwrpc-league-system\lwrpc-admin\scripts\lms0726-role-drift-postgres.mjs
  59:8  warning  'grants' is assigned a value but never used  @typescript-eslint/no-unused-vars

✖ 11 problems (0 errors, 11 warnings)

