(node:19308) [MODULE_TYPELESS_PACKAGE_JSON] Warning: Module type of file:///C:/lwrpc-league-system/.local-validation/fast-fix-ratings-success/lwrpc-admin/app/lib/aiAnswerGeneration.js is not specified and it doesn't parse as CommonJS.
Reparsing as ES module because module syntax was detected. This incurs a performance overhead.
To eliminate this warning, add "type": "module" to C:\lwrpc-league-system\.local-validation\fast-fix-ratings-success\lwrpc-admin\package.json.
(Use `node --trace-warnings ...` to show where the warning was created)
✔ skips the answer model and returns the exact fallback when Stage 3 evidence is insufficient (18.0113ms)
✔ selects direct high-quality evidence, grounds the Responses request, and attaches only trusted sources (51.3052ms)
✔ returns a conservative clarification instead of a definitive model answer when supplied evidence conflicts (15.007ms)
✔ prunes merely related deadline material while retaining same-rule and explicitly requested procedural support (20.7884ms)
✔ marks a selected rule as controlling when a more relevant guide also supplies procedural support (7.8686ms)
✔ preserves compact primary evidence for the five production Stage 4 evaluation cases (39.2276ms)
✔ preserves direct evidence for both roster management and Match Setup while pruning score entry (36.5596ms)
✔ uses the raw LMS-0703 production compound candidates to select only the direct roster-date and Match Setup deadline passages (50.2415ms)
✔ keeps roster-only and Match Setup-only source selections independent (12.7344ms)
✔ recognizes bounded roster-management and calendar wording variations in direct evidence (12.6184ms)
✔ reserves bounded evidence space for every detected compound intent (8.4827ms)
✔ builds concise trusted citation labels without duplicated rule metadata (2.1232ms)
✔ adds a browser-only PDF page fragment only for a valid cited chunk page (0.6795ms)
✔ classifies a native Responses API refusal without exposing its text (21.3593ms)
✔ classifies an incomplete max-output-token Responses result (15.8242ms)
✔ classifies missing, malformed, and schema-invalid native structured output (51.579ms)
✔ classifies an API failure separately from structured-output failures (11.2236ms)
✔ classifies an unparsable successful API payload as response extraction failure (15.0626ms)
✔ rejects citations that are not from supplied exact active-version evidence (6.4092ms)
✔ uses the explicit ownership FK in the production dual-relationship schema and revalidates the cited searchable chunk (11.6527ms)
✔ protects the answer route and preserves the required Stage 4 evaluation prompts (43.2661ms)
(node:29692) [MODULE_TYPELESS_PACKAGE_JSON] Warning: Module type of file:///C:/lwrpc-league-system/.local-validation/fast-fix-ratings-success/lwrpc-admin/app/lib/aiRetrieval.js is not specified and it doesn't parse as CommonJS.
Reparsing as ES module because module syntax was detected. This incurs a performance overhead.
To eliminate this warning, add "type": "module" to C:\lwrpc-league-system\.local-validation\fast-fix-ratings-success\lwrpc-admin\package.json.
(Use `node --trace-warnings ...` to show where the warning was created)
✔ validates bounded manager retrieval requests and supported context (8.636ms)
✔ uses one compatible embedding and the protected hybrid RPC without chat generation (36.7538ms)
✔ keeps authority subject-relevant and evidence fallback conservative (1.5898ms)
✔ retrieval SQL locks out inactive, historical, failed, and excluded content while retaining catalog authority (20.1191ms)
✔ generic exact matching recognizes unseen official phrases without boosting generic words (16.1277ms)
✔ FTS removes generic question framing while retaining meaningful content terms (10.4424ms)
✔ uses generic deadline and procedural compatibility without changing hybrid weights (35.9478ms)
✔ grounds lineup terminology in official Match Setup evidence without expanding unrelated lineups (2.9023ms)
✔ derives bounded typo normalizations from official candidate vocabulary (8.435ms)
✔ 0720 preserves the original RPC query and exposes corpus suggestion separately from interpretation (7.7462ms)
✔ uses a generic interpersonal-conduct signal without targeting a document (6.4452ms)
✔ uses a generic interruption expansion without injecting an official outcome term (20.2091ms)
✔ LMS-0709 adds kitchen/NVZ terminology only for a document-grounded pickleball-rule context (10.4433ms)
✔ LMS-0708 keeps the singular and plural match detector identical in Stage 3 SQL (8.043ms)
✔ LMS-0711 adds a bounded, deduplicated LWR match-equipment probe without changing normal candidates (20.0755ms)
✔ retrieval route is League Manager protected and has no answer-model path (12.6411ms)
✔ includes the approved multi-document, paired-intent, conduct, natural-language, typo, and unsupported-question evaluation prompts (1.1862ms)
(node:28888) [MODULE_TYPELESS_PACKAGE_JSON] Warning: Module type of file:///C:/lwrpc-league-system/.local-validation/fast-fix-ratings-success/lwrpc-admin/app/lib/askLwrConversationState.js is not specified and it doesn't parse as CommonJS.
Reparsing as ES module because module syntax was detected. This incurs a performance overhead.
To eliminate this warning, add "type": "module" to C:\lwrpc-league-system\.local-validation\fast-fix-ratings-success\lwrpc-admin\package.json.
(Use `node --trace-warnings ...` to show where the warning was created)
✔ LMS-0712 standalone precedence: Can I volley in the kitchen? (38.5528ms)
✔ LMS-0712 standalone precedence: what kind of ball are we using (8.4411ms)
✔ LMS-0712 standalone precedence: What are the USA Pickleball requirements for a legal ball? (12.7572ms)
✔ LMS-0712 standalone precedence: What happens if the ball is damaged during play? (20.4977ms)
✔ LMS-0712 bounded subject fragment: Ball (3.5926ms)
✔ LMS-0712 bounded subject fragment: Paddle (4.3526ms)
✔ LMS-0712 bounded subject fragment: Ball. (7.0737ms)
✔ LMS-0712 bounded subject fragment: the outdoor ball (5.5303ms)
✔ LMS-0712 bounded subject fragment: our team clothing (10.9407ms)
✔ LMS-0712 bounded subject fragment: the paddle surface (5.3602ms)
✔ LMS-0712 bounded subject fragment: Shoes (7.6192ms)
✔ LMS-0712 unrelated ambiguity never repeats color or overwrites actual raw diagnostics (9.4086ms)
✔ LMS-0712 guards raw personal follow-ups and composed effective questions (3.9536ms)
✔ LMS-0712 ordinary and kitchen follow-up context remains usable (12.3906ms)
✔ LMS-0712 explicit null survives restoration and never reads display receipts (0.9923ms)
✔ LMS-0712 late completion cannot replace a newer request context (0.289ms)
✔ LMS-0712 bounded color evidence: Are there any color considerations for Ball? (21.3578ms)
✔ LMS-0712 bounded color evidence: Are there any color restrictions for the ball? (5.3661ms)
✔ LMS-0712 bounded color evidence: What color requirements are there for a ball? (2.9912ms)
✔ LMS-0712 color negative control: Are there any color considerations for Paddle? (9.4703ms)
✔ LMS-0712 color negative control: Are there any red color considerations for Ball? (3.9914ms)
✔ LMS-0712 color negative control: Are there any color considerations for Ball at night? (3.0988ms)
✔ LMS-0712 color negative control: What pressure must the ball have? (10.5383ms)
✔ LMS-0712 color negative control: What happens if the ball is damaged during play? (8.2076ms)
✔ LMS-0712 color negative control: What are the USA Pickleball requirements for a legal ball? (4.2938ms)
✔ LMS-0712 integrated Color -> Ball -> standalone with authoritative receipt (42.0171ms)
✔ LMS-0712 integrated Color -> Paddle -> standalone with authoritative receipt (31.9799ms)
✔ LMS-0712 integrated standalone source paths and kitchen momentum (109.7223ms)
✔ LMS-0712 mobile layout and feedback rendering contracts (39.5497ms)
✔ LMS-0725 compact welcome and help examples use normal submit (6.6781ms)
(node:20580) [MODULE_TYPELESS_PACKAGE_JSON] Warning: Module type of file:///C:/lwrpc-league-system/.local-validation/fast-fix-ratings-success/lwrpc-admin/app/lib/aiMaterialQualifications.js is not specified and it doesn't parse as CommonJS.
Reparsing as ES module because module syntax was detected. This incurs a performance overhead.
To eliminate this warning, add "type": "module" to C:\lwrpc-league-system\.local-validation\fast-fix-ratings-success\lwrpc-admin\package.json.
(Use `node --trace-warnings ...` to show where the warning was created)
✔ material exception restricts the same proposition (5.1213ms)
✔ non-material related detail is not a qualification (0.5575ms)
✔ unrelated terminology does not establish a relationship (0.4374ms)
✔ contradiction is retained for conflict assessment, not treated as automatic override (2.8797ms)
✔ foreign scope cannot qualify a broad proposition (0.4096ms)
✔ production candidate already in review preserves material scoring qualification (48.0404ms)
✔ scoring qualification control: How does rally scoring work? (32.8557ms)
✔ scoring qualification control: Do you score when receiving in rally scoring? (26.8828ms)
✔ scoring qualification control: Do I have to be serving to win in rally scoring? (26.6184ms)
✔ scoring qualification control: What happens at game point in rally scoring? (30.9772ms)
✔ scoring qualification control: How does the scoring freeze work? (25.4937ms)
✔ scoring qualification control: What are the Weekday rally scoring rules? (26.3124ms)
✔ scoring qualification control: What are the Saturday rally scoring rules? (34.1614ms)
✔ scoring qualification control: What are the PrimeTime rally scoring rules? (29.2343ms)
(node:9224) [MODULE_TYPELESS_PACKAGE_JSON] Warning: Module type of file:///C:/lwrpc-league-system/.local-validation/fast-fix-ratings-success/lwrpc-admin/app/lib/aiRetrieval.js is not specified and it doesn't parse as CommonJS.
Reparsing as ES module because module syntax was detected. This incurs a performance overhead.
To eliminate this warning, add "type": "module" to C:\lwrpc-league-system\.local-validation\fast-fix-ratings-success\lwrpc-admin\package.json.
(Use `node --trace-warnings ...` to show where the warning was created)
✔ 0722 production-format original/vector-reuse replay: I could use some clarification on the Saturday league mixed doubles. Is it permissible to use players other than the 12 that played in the single gender matches? (246.5454ms)
✔ 0722 production-format original/vector-reuse replay: What is the website for the club (22.0379ms)
✔ 0722 production-format original/vector-reuse replay: what are your rally scoring rules (27.5975ms)
✔ 0722 production-format original/vector-reuse replay: Is the kitchen the same as the NVZ (26.4924ms)
✔ 0722 production-format original/vector-reuse replay: clothing (8.7614ms)
✔ 0722 production-format original/vector-reuse replay: I am unable to log into my account. How do I reset my password (46.7454ms)
✔ 0722 production-format original/vector-reuse replay: Where do I find the info on what Pickleball’s we will be using with weekday league? I thought I read that we were using Joola HC-40. (56.2811ms)
✔ 0722 production-format original/vector-reuse replay: So one more clarification... do we need a min of 2 men and 2 women, all under 9.1 combined, to play best of 3 men's games, 3 women's games, and 3 mixed games? And since that's a lot in the heat, you suggest a roster of 6 people total? (62.2126ms)
✔ 0722 production-format original/vector-reuse replay: Interested in putting together a team from LWRCC but need to understand better how many players we need for each team and assume that any two need a combined dupr of 9.1 or less? (33.4164ms)
✔ 0722 production-format original/vector-reuse replay: How many players do i need for the primetime league (26.3315ms)
✔ 0722 production-format original/vector-reuse replay: Can I stand in the kitchen when I am not volleying? (37.3542ms)
✔ 0722 production-format original/vector-reuse replay: What is the PrimeTime Picklebreaker format? (27.3001ms)
✔ 0722 production-format original/vector-reuse replay: How many players play in a Weekday 9.1 match? (65.3597ms)
✔ 0722 production-format original/vector-reuse replay: Does the weekday 9.1 league have a different format? (139.3678ms)
✔ 0722 production-format original/vector-reuse replay: We are currently trying to order a blouse for our team. Are there any color restrictions? (51.5271ms)
✔ 0722 production-format original/vector-reuse replay: How many players do I need for the PrimeTime League? (26.3891ms)
✔ 0722 production-format original/vector-reuse replay: How many players do I need for the Saturday League? (36.9073ms)
✔ 0722 production-format original/vector-reuse replay: How many players do I need for Weekday? (23.8313ms)
✔ 0722 production-format original/vector-reuse replay: How many players do I need for Weekday 9.1? (65.2092ms)
✔ 0722 production-format original/vector-reuse replay: What kind of games will be played in the Saturday League? (33.1371ms)
✔ 0722 production-format original/vector-reuse replay: What is the PrimeTime match format? (14.9768ms)
✔ 0722 production-format original/vector-reuse replay: What is the Saturday match format? (21.6066ms)
✔ 0722 production-format original/vector-reuse replay: How many players do I need for PrimeTime? (12.7404ms)
✔ 0722 production-format original/vector-reuse replay: How many players do I need for Saturday? (9.6166ms)
✔ 0722 production-format original/vector-reuse replay: How does the PrimeTime Picklebreaker work? (10.4262ms)
✔ 0722 production-format original/vector-reuse replay: How does the Saturday Picklebreaker work? (13.5418ms)
✔ 0722 production-format original/vector-reuse replay: What kind of games will be played in the primetime league (25.2187ms)
✔ 0722 apparel object is explicit: We are currently trying to order a blouse for our team. Are there any color restrictions? (5.588ms)
✔ 0722 apparel object is explicit: Are there color restrictions for our team shirts? (2.6054ms)
✔ 0722 apparel object is explicit: Can our team wear any color jersey? (0.4769ms)
✔ 0722 apparel object is explicit: We're ordering blouses for the team. Are there color restrictions? (0.6378ms)
✔ 0722 unbound color clarifies: What color can our team wear? (0.414ms)
✔ 0722 unbound color clarifies: Are there color restrictions? (0.1845ms)
✔ 0722 protected intent: What email address is my account under? (0.1597ms)
✔ 0722 protected intent: What is my DUPR? (0.3021ms)
✔ 0722 protected intent: What team am I on? (0.0622ms)
✔ 0722 protected intent: Did I enter my match scores? (0.0602ms)
✔ 0722 documented procedure remains public: How do I reset my password? (0.4151ms)
✔ 0722 documented procedure remains public: Where do I enter match scores? (0.4915ms)
✔ 0722 documented procedure remains public: How do I update my roster? (0.1989ms)
✔ 0722 generic equal-authority target conflict is order-independent and skips generation (15.6009ms)
✔ 0722 document navigation uses active catalog/anchor without scores, embeddings or model (3.5511ms)
✔ 0722 scoped rally evidence cannot leak another league: Saturday (459.7124ms)
✔ 0722 scoped rally evidence cannot leak another league: Weekday (129.3216ms)
✔ 0722 scoped rally evidence cannot leak another league: PrimeTime (207.1821ms)
✔ 0722 current-rule scope and division applicability: How many players do I need for the PrimeTime League? (79.3184ms)
✔ 0722 current-rule scope and division applicability: How many players play in a Weekday 9.1 match? (224.6933ms)
✔ 0722 current-rule scope and division applicability: How many players do I need for Saturday? (40.8147ms)
✔ 0722 current-rule scope and division applicability: How is Weekday 9.1 different? (210.2501ms)
✔ 0722 current-rule scope and division applicability: Is Weekday 9.1 a flex league? (167.6778ms)
✔ 0722 current-rule scope and division applicability: When does Weekday 9.1 normally play? (159.899ms)
✔ 0722 current-rule scope and division applicability: Can Weekday 9.1 captains change the match time? (184.8121ms)
✔ 0722 current-rule scope and division applicability: What is the Saturday 9.1 format? (394.0286ms)
✔ 0722 current-rule scope and division applicability: What is the Weekday format? (71.5507ms)
✔ 0722 overall roster question cannot use fielded-player rule (12.8025ms)
✔ 0722 document identity: Show me the Captains Guide (0.5658ms)
✔ 0722 document identity: Where are the Important Dates? (0.1343ms)
✔ 0722 document identity: Where is the Players Guide? (0.1601ms)
✔ 0722 document identity: Where is the USAP rulebook? (0.2392ms)
✔ 0722 account identity embedded in how-to remains protected (0.2993ms)
✔ 0722 MUST PASS named-league evidence and absence of foreign scope: How many players do I need for the PrimeTime League? (12.3323ms)
✔ 0722 MUST PASS named-league evidence and absence of foreign scope: How many players do I need for the Saturday League? (13.9249ms)
✔ 0722 MUST PASS named-league evidence and absence of foreign scope: How many players do I need for Weekday? (17.1379ms)
✔ 0722 MUST PASS named-league evidence and absence of foreign scope: How many players do I need for Weekday 9.1? (37.7806ms)
✔ 0722 MUST PASS named-league evidence and absence of foreign scope: What kind of games will be played in the primetime league (22.8967ms)
✔ 0722 MUST PASS named-league evidence and absence of foreign scope: What kind of games will be played in the Saturday League? (19.4302ms)
✔ 0722 MUST PASS named-league evidence and absence of foreign scope: What is the PrimeTime match format? (6.9577ms)
✔ 0722 MUST PASS named-league evidence and absence of foreign scope: What is the Saturday match format? (10.6716ms)
✔ 0722 MUST PASS named-league evidence and absence of foreign scope: How many players do I need for PrimeTime? (6.5427ms)
✔ 0722 MUST PASS named-league evidence and absence of foreign scope: How many players do I need for Saturday? (6.4527ms)
✔ 0722 MUST PASS named-league evidence and absence of foreign scope: How does the PrimeTime Picklebreaker work? (10.7815ms)
✔ 0722 MUST PASS named-league evidence and absence of foreign scope: How does the Saturday Picklebreaker work? (10.5601ms)
✔ 0722 adjoining numbered league passages override an ambiguous containing heading (1.8273ms)
(node:6140) [MODULE_TYPELESS_PACKAGE_JSON] Warning: Module type of file:///C:/lwrpc-league-system/.local-validation/fast-fix-ratings-success/lwrpc-admin/app/lib/aiQuestionConcepts.js is not specified and it doesn't parse as CommonJS.
Reparsing as ES module because module syntax was detected. This incurs a performance overhead.
To eliminate this warning, add "type": "module" to C:\lwrpc-league-system\.local-validation\fast-fix-ratings-success\lwrpc-admin\package.json.
(Use `node --trace-warnings ...` to show where the warning was created)
✔ Where can I find the seasons scoring sheet (33.442ms)
✔ Where can I find the season's score sheet? (10.8838ms)
✔ Where do I get the Match Score Sheet? (4.5461ms)
✔ How do I print the scoring sheet? (6.5855ms)
✔ Where can I download a scoresheet? (6.5822ms)
✔ Where is the score sheet button? (6.8289ms)
✔ bounded assisted search recovers guide when initial results only contain printing prerequisite (59.9555ms)
✔ missing location or unrelated evidence cannot answer score-sheet access (6.5461ms)
✔ nearby score entry, scoring rules, personal records and document navigation stay separate (7.7692ms)
✔ location survives the four-source limit ahead of higher-scoring incidental sheets (3.1635ms)
(node:18084) [MODULE_TYPELESS_PACKAGE_JSON] Warning: Module type of file:///C:/lwrpc-league-system/.local-validation/fast-fix-ratings-success/lwrpc-admin/app/lib/aiQuestionConcepts.js is not specified and it doesn't parse as CommonJS.
Reparsing as ES module because module syntax was detected. This incurs a performance overhead.
To eliminate this warning, add "type": "module" to C:\lwrpc-league-system\.local-validation\fast-fix-ratings-success\lwrpc-admin\package.json.
(Use `node --trace-warnings ...` to show where the warning was created)
✔ Do all games in the Saturday league post to DUPR (44.8142ms)
✔ Are all Saturday league games submitted to DUPR? (12.3874ms)
✔ Which Saturday games get uploaded to DUPR? (5.7193ms)
✔ Do Saturday mixed doubles games post to DUPR? (9.2491ms)
✔ Are Saturday Picklebreaker games recorded in DUPR? (4.5726ms)
✔ Are Saturday league results posted to DUPR for all matches? (8.7532ms)
✔ existing assisted search retrieves posting clause and same-version league context (39.7021ms)
✔ rank-16 posting clause enters existing bounded authority review with verified league scope (15.4839ms)
✔ generic submission rule, wrong league, unscoped and missing clauses cannot replace Saturday posting (8.6149ms)
✔ personal status, score entry and Saturday format stay separate (3.7062ms)
ℹ tests 175
ℹ suites 0
ℹ pass 175
ℹ fail 0
ℹ cancelled 0
ℹ skipped 0
ℹ todo 0
ℹ duration_ms 4921.1747
