(node:25080) [MODULE_TYPELESS_PACKAGE_JSON] Warning: Module type of file:///C:/lwrpc-league-system/.local-validation/fast-fix-ratings-success/lwrpc-admin/app/lib/aiRetrieval.js is not specified and it doesn't parse as CommonJS.
Reparsing as ES module because module syntax was detected. This incurs a performance overhead.
To eliminate this warning, add "type": "module" to C:\lwrpc-league-system\.local-validation\fast-fix-ratings-success\lwrpc-admin\package.json.
(Use `node --trace-warnings ...` to show where the warning was created)
{
  "selected": [
    "6.2.3"
  ],
  "context": {
    "status": "completed",
    "count": 30,
    "readCount": 1,
    "durationMs": 93
  },
  "metrics": {
    "interpretationMs": 3.8219000000001415,
    "embeddingInputTokens": 11,
    "embeddingMs": 1027,
    "retrievalMs": 538,
    "totalMs": 1565
  },
  "candidates": [
    {
      "rule": "5.7",
      "id": "1fea6793-5477-4002-a982-925bb9b11bbc",
      "score": 0.5687,
      "review": {
        "included": true,
        "rank": 1,
        "limit": 12,
        "reason": "ranked"
      },
      "contextRules": [
        "1",
        "2",
        "3",
        "4",
        "4",
        "4",
        "4",
        "5",
        "5.5",
        "5.6",
        "5.7",
        "5.8",
        "5.14",
        "5.15",
        "6",
        "6.1.1",
        "6.2",
        "6.2.3",
        "6.2.3",
        "6",
        "6.3",
        "6.3.1",
        "2",
        "3",
        "6.3.6",
        "6.3.7",
        "6.3.12",
        "6.3.15",
        "1",
        "2"
      ]
    },
    {
      "rule": "6.2",
      "id": "ee554909-ca28-4146-b240-dd23fba0bec1",
      "score": 0.5448,
      "review": {
        "included": true,
        "rank": 2,
        "limit": 12,
        "reason": "ranked"
      },
      "contextRules": [
        "1",
        "2",
        "3",
        "4",
        "4",
        "4",
        "4",
        "5",
        "5.5",
        "5.6",
        "5.7",
        "5.8",
        "5.14",
        "5.15",
        "6",
        "6.1.1",
        "6.2",
        "6.2.3",
        "6.2.3",
        "6",
        "6.3",
        "6.3.1",
        "2",
        "3",
        "6.3.6",
        "6.3.7",
        "6.3.12",
        "6.3.15",
        "1",
        "2"
      ]
    },
    {
      "rule": "",
      "id": "f9f05921-2ee9-46fc-9b44-e5a861d7dd6f",
      "score": 0.5402,
      "review": {
        "included": true,
        "rank": 3,
        "limit": 12,
        "reason": "ranked"
      },
      "contextRules": []
    },
    {
      "rule": "",
      "id": "c4ab8544-decb-4ea1-b856-2df4a2d196f1",
      "score": 0.5325,
      "review": {
        "included": true,
        "rank": 4,
        "limit": 12,
        "reason": "ranked"
      },
      "contextRules": []
    },
    {
      "rule": "6",
      "id": "c114c383-cdd9-4bff-931e-2a5b608dcb02",
      "score": 0.5293,
      "review": {
        "included": true,
        "rank": 5,
        "limit": 12,
        "reason": "ranked"
      },
      "contextRules": [
        "1",
        "2",
        "3",
        "4",
        "4",
        "4",
        "4",
        "5",
        "5.5",
        "5.6",
        "5.7",
        "5.8",
        "5.14",
        "5.15",
        "6",
        "6.1.1",
        "6.2",
        "6.2.3",
        "6.2.3",
        "6",
        "6.3",
        "6.3.1",
        "2",
        "3",
        "6.3.6",
        "6.3.7",
        "6.3.12",
        "6.3.15",
        "1",
        "2"
      ]
    },
    {
      "rule": "",
      "id": "82a9d022-4428-4c83-bcdc-e8e2ff4cfb72",
      "score": 0.5239,
      "review": {
        "included": true,
        "rank": 6,
        "limit": 12,
        "reason": "ranked"
      },
      "contextRules": []
    },
    {
      "rule": "",
      "id": "fbf836c8-2632-4449-950e-2cf53d07d4f4",
      "score": 0.5213,
      "review": {
        "included": true,
        "rank": 7,
        "limit": 12,
        "reason": "ranked"
      },
      "contextRules": [
        "1",
        "2",
        "3",
        "4",
        "4",
        "4",
        "4",
        "5",
        "5.5",
        "5.6",
        "5.7",
        "5.8",
        "5.14",
        "5.15",
        "6",
        "6.1.1",
        "6.2",
        "6.2.3",
        "6.2.3",
        "6",
        "6.3",
        "6.3.1",
        "2",
        "3",
        "6.3.6",
        "6.3.7",
        "6.3.12",
        "6.3.15",
        "1",
        "2"
      ]
    },
    {
      "rule": "",
      "id": "b844c746-4a4f-4b79-a10a-c5286adf3fc9",
      "score": 0.5082,
      "review": {
        "included": true,
        "rank": 8,
        "limit": 12,
        "reason": "ranked"
      },
      "contextRules": []
    },
    {
      "rule": "",
      "id": "3b148a69-a4da-4cfa-a76b-b5148ecf3270",
      "score": 0.5049,
      "review": {
        "included": true,
        "rank": 11,
        "limit": 12,
        "reason": "ranked"
      },
      "contextRules": [
        "1",
        "2",
        "3",
        "4",
        "4",
        "4",
        "4",
        "5",
        "5.5",
        "5.6",
        "5.7",
        "5.8",
        "5.14",
        "5.15",
        "6",
        "6.1.1",
        "6.2",
        "6.2.3",
        "6.2.3",
        "6",
        "6.3",
        "6.3.1",
        "2",
        "3",
        "6.3.6",
        "6.3.7",
        "6.3.12",
        "6.3.15",
        "1",
        "2"
      ]
    },
    {
      "rule": "",
      "id": "f648618d-d894-4fdd-bb61-c2fe4f5430a9",
      "score": 0.5043,
      "review": {
        "included": true,
        "rank": 12,
        "limit": 12,
        "reason": "ranked"
      },
      "contextRules": [
        "1",
        "2",
        "3",
        "4",
        "4",
        "4",
        "4",
        "5",
        "5.5",
        "5.6",
        "5.7",
        "5.8",
        "5.14",
        "5.15",
        "6",
        "6.1.1",
        "6.2",
        "6.2.3",
        "6.2.3",
        "6",
        "6.3",
        "6.3.1",
        "2",
        "3",
        "6.3.6",
        "6.3.7",
        "6.3.12",
        "6.3.15",
        "1",
        "2"
      ]
    },
    {
      "rule": "",
      "id": "950a54ab-aa3b-4f43-9c51-88ce0ca803ae",
      "score": 0.4981,
      "review": {
        "included": false,
        "rank": null,
        "limit": 12,
        "reason": "ranked"
      },
      "contextRules": []
    },
    {
      "rule": "",
      "id": "06439443-7b41-4249-b96f-19781cb17cb1",
      "score": 0.4968,
      "review": {
        "included": true,
        "rank": 9,
        "limit": 12,
        "reason": "verified_requested_league_scope"
      },
      "contextRules": [
        "1",
        "2",
        "3",
        "4",
        "4",
        "4",
        "4",
        "5",
        "5.5",
        "5.6",
        "5.7",
        "5.8",
        "5.14",
        "5.15",
        "6",
        "6.1.1",
        "6.2",
        "6.2.3",
        "6.2.3",
        "6",
        "6.3",
        "6.3.1",
        "2",
        "3",
        "6.3.6",
        "6.3.7",
        "6.3.12",
        "6.3.15",
        "1",
        "2"
      ]
    },
    {
      "rule": "6.3.7",
      "id": "ed1844ed-683c-49fe-beda-f8dfcf554201",
      "score": 0.4962,
      "review": {
        "included": false,
        "rank": null,
        "limit": 12,
        "reason": "ranked"
      },
      "contextRules": [
        "1",
        "2",
        "3",
        "4",
        "4",
        "4",
        "4",
        "5",
        "5.5",
        "5.6",
        "5.7",
        "5.8",
        "5.14",
        "5.15",
        "6",
        "6.1.1",
        "6.2",
        "6.2.3",
        "6.2.3",
        "6",
        "6.3",
        "6.3.1",
        "2",
        "3",
        "6.3.6",
        "6.3.7",
        "6.3.12",
        "6.3.15",
        "1",
        "2"
      ]
    },
    {
      "rule": "3",
      "id": "57d428ca-0aea-474b-9e9b-a7de6912f575",
      "score": 0.4943,
      "review": {
        "included": false,
        "rank": null,
        "limit": 12,
        "reason": "ranked"
      },
      "contextRules": [
        "1",
        "2",
        "3",
        "4",
        "4",
        "4",
        "4",
        "5",
        "5.5",
        "5.6",
        "5.7",
        "5.8",
        "5.14",
        "5.15",
        "6",
        "6.1.1",
        "6.2",
        "6.2.3",
        "6.2.3",
        "6",
        "6.3",
        "6.3.1",
        "2",
        "3",
        "6.3.6",
        "6.3.7",
        "6.3.12",
        "6.3.15",
        "1",
        "2"
      ]
    },
    {
      "rule": "4",
      "id": "76d9e3c8-708c-4e70-b3c5-2b3a41021caa",
      "score": 0.493,
      "review": {
        "included": false,
        "rank": null,
        "limit": 12,
        "reason": "ranked"
      },
      "contextRules": [
        "1",
        "2",
        "3",
        "4",
        "4",
        "4",
        "4",
        "5",
        "5.5",
        "5.6",
        "5.7",
        "5.8",
        "5.14",
        "5.15",
        "6",
        "6.1.1",
        "6.2",
        "6.2.3",
        "6.2.3",
        "6",
        "6.3",
        "6.3.1",
        "2",
        "3",
        "6.3.6",
        "6.3.7",
        "6.3.12",
        "6.3.15",
        "1",
        "2"
      ]
    },
    {
      "rule": "6.2.3",
      "id": "66021104-6260-480d-9af8-bcc04e2060fc",
      "score": 0.4918,
      "review": {
        "included": true,
        "rank": 10,
        "limit": 12,
        "reason": "verified_requested_league_scope"
      },
      "contextRules": [
        "1",
        "2",
        "3",
        "4",
        "4",
        "4",
        "4",
        "5",
        "5.5",
        "5.6",
        "5.7",
        "5.8",
        "5.14",
        "5.15",
        "6",
        "6.1.1",
        "6.2",
        "6.2.3",
        "6.2.3",
        "6",
        "6.3",
        "6.3.1",
        "2",
        "3",
        "6.3.6",
        "6.3.7",
        "6.3.12",
        "6.3.15",
        "1",
        "2"
      ]
    },
    {
      "rule": "5.8",
      "id": "e566b614-d3b6-4878-a956-320a0a6ae1bb",
      "score": 0.4854,
      "review": {
        "included": false,
        "rank": null,
        "limit": 12,
        "reason": "ranked"
      },
      "contextRules": [
        "1",
        "2",
        "3",
        "4",
        "4",
        "4",
        "4",
        "5",
        "5.5",
        "5.6",
        "5.7",
        "5.8",
        "5.14",
        "5.15",
        "6",
        "6.1.1",
        "6.2",
        "6.2.3",
        "6.2.3",
        "6",
        "6.3",
        "6.3.1",
        "2",
        "3",
        "6.3.6",
        "6.3.7",
        "6.3.12",
        "6.3.15",
        "1",
        "2"
      ]
    },
    {
      "rule": "",
      "id": "12137834-4d71-4c9e-baaf-e081c4c5aa89",
      "score": 0.4842,
      "review": {
        "included": false,
        "rank": null,
        "limit": 12,
        "reason": "ranked"
      },
      "contextRules": []
    },
    {
      "rule": "6.3",
      "id": "8295447f-9753-4f05-9bad-ded5f996c4c8",
      "score": 0.4839,
      "review": {
        "included": false,
        "rank": null,
        "limit": 12,
        "reason": "ranked"
      },
      "contextRules": [
        "1",
        "2",
        "3",
        "4",
        "4",
        "4",
        "4",
        "5",
        "5.5",
        "5.6",
        "5.7",
        "5.8",
        "5.14",
        "5.15",
        "6",
        "6.1.1",
        "6.2",
        "6.2.3",
        "6.2.3",
        "6",
        "6.3",
        "6.3.1",
        "2",
        "3",
        "6.3.6",
        "6.3.7",
        "6.3.12",
        "6.3.15",
        "1",
        "2"
      ]
    },
    {
      "rule": "2",
      "id": "d94436a1-7ded-4c61-9d31-8d19a209d547",
      "score": 0.4832,
      "review": {
        "included": false,
        "rank": null,
        "limit": 12,
        "reason": "ranked"
      },
      "contextRules": [
        "1",
        "2",
        "3",
        "4",
        "4",
        "4",
        "4",
        "5",
        "5.5",
        "5.6",
        "5.7",
        "5.8",
        "5.14",
        "5.15",
        "6",
        "6.1.1",
        "6.2",
        "6.2.3",
        "6.2.3",
        "6",
        "6.3",
        "6.3.1",
        "2",
        "3",
        "6.3.6",
        "6.3.7",
        "6.3.12",
        "6.3.15",
        "1",
        "2"
      ]
    },
    {
      "rule": "6.3.12",
      "id": "f510175d-cba2-4bee-aac3-a5ccfea9993b",
      "score": 0.4812,
      "review": {
        "included": false,
        "rank": null,
        "limit": 12,
        "reason": "ranked"
      },
      "contextRules": [
        "1",
        "2",
        "3",
        "4",
        "4",
        "4",
        "4",
        "5",
        "5.5",
        "5.6",
        "5.7",
        "5.8",
        "5.14",
        "5.15",
        "6",
        "6.1.1",
        "6.2",
        "6.2.3",
        "6.2.3",
        "6",
        "6.3",
        "6.3.1",
        "2",
        "3",
        "6.3.6",
        "6.3.7",
        "6.3.12",
        "6.3.15",
        "1",
        "2"
      ]
    },
    {
      "rule": "5.15",
      "id": "25b759ee-0690-4236-9c41-0420a96f834c",
      "score": 0.4794,
      "review": {
        "included": false,
        "rank": null,
        "limit": 12,
        "reason": "ranked"
      },
      "contextRules": [
        "1",
        "2",
        "3",
        "4",
        "4",
        "4",
        "4",
        "5",
        "5.5",
        "5.6",
        "5.7",
        "5.8",
        "5.14",
        "5.15",
        "6",
        "6.1.1",
        "6.2",
        "6.2.3",
        "6.2.3",
        "6",
        "6.3",
        "6.3.1",
        "2",
        "3",
        "6.3.6",
        "6.3.7",
        "6.3.12",
        "6.3.15",
        "1",
        "2"
      ]
    },
    {
      "rule": "4",
      "id": "c439e0e6-6191-4525-be34-e955121e53bf",
      "score": 0.4757,
      "review": {
        "included": false,
        "rank": null,
        "limit": 12,
        "reason": "ranked"
      },
      "contextRules": [
        "1",
        "2",
        "3",
        "4",
        "4",
        "4",
        "4",
        "5",
        "5.5",
        "5.6",
        "5.7",
        "5.8",
        "5.14",
        "5.15",
        "6",
        "6.1.1",
        "6.2",
        "6.2.3",
        "6.2.3",
        "6",
        "6.3",
        "6.3.1",
        "2",
        "3",
        "6.3.6",
        "6.3.7",
        "6.3.12",
        "6.3.15",
        "1",
        "2"
      ]
    },
    {
      "rule": "",
      "id": "2d77168a-9cfd-410d-811d-ab419867763d",
      "score": 0.4756,
      "review": {
        "included": false,
        "rank": null,
        "limit": 12,
        "reason": "ranked"
      },
      "contextRules": []
    },
    {
      "rule": "1",
      "id": "f5badd6d-22a7-4810-a488-3cc4546c316c",
      "score": 0.4727,
      "review": {
        "included": false,
        "rank": null,
        "limit": 12,
        "reason": "ranked"
      },
      "contextRules": [
        "1",
        "2",
        "3",
        "4",
        "4",
        "4",
        "4",
        "5",
        "5.5",
        "5.6",
        "5.7",
        "5.8",
        "5.14",
        "5.15",
        "6",
        "6.1.1",
        "6.2",
        "6.2.3",
        "6.2.3",
        "6",
        "6.3",
        "6.3.1",
        "2",
        "3",
        "6.3.6",
        "6.3.7",
        "6.3.12",
        "6.3.15",
        "1",
        "2"
      ]
    },
    {
      "rule": "5.6",
      "id": "d45a6d7a-a9fb-4ae2-aa8f-78943f50b430",
      "score": 0.4722,
      "review": {
        "included": false,
        "rank": null,
        "limit": 12,
        "reason": "ranked"
      },
      "contextRules": [
        "1",
        "2",
        "3",
        "4",
        "4",
        "4",
        "4",
        "5",
        "5.5",
        "5.6",
        "5.7",
        "5.8",
        "5.14",
        "5.15",
        "6",
        "6.1.1",
        "6.2",
        "6.2.3",
        "6.2.3",
        "6",
        "6.3",
        "6.3.1",
        "2",
        "3",
        "6.3.6",
        "6.3.7",
        "6.3.12",
        "6.3.15",
        "1",
        "2"
      ]
    },
    {
      "rule": "4",
      "id": "f8acb348-cdb4-4951-af51-3d2efd701599",
      "score": 0.4718,
      "review": {
        "included": false,
        "rank": null,
        "limit": 12,
        "reason": "ranked"
      },
      "contextRules": [
        "1",
        "2",
        "3",
        "4",
        "4",
        "4",
        "4",
        "5",
        "5.5",
        "5.6",
        "5.7",
        "5.8",
        "5.14",
        "5.15",
        "6",
        "6.1.1",
        "6.2",
        "6.2.3",
        "6.2.3",
        "6",
        "6.3",
        "6.3.1",
        "2",
        "3",
        "6.3.6",
        "6.3.7",
        "6.3.12",
        "6.3.15",
        "1",
        "2"
      ]
    },
    {
      "rule": "6.1.1",
      "id": "d31a1dd7-f50f-463f-b31c-dd93891bf645",
      "score": 0.4699,
      "review": {
        "included": false,
        "rank": null,
        "limit": 12,
        "reason": "ranked"
      },
      "contextRules": [
        "1",
        "2",
        "3",
        "4",
        "4",
        "4",
        "4",
        "5",
        "5.5",
        "5.6",
        "5.7",
        "5.8",
        "5.14",
        "5.15",
        "6",
        "6.1.1",
        "6.2",
        "6.2.3",
        "6.2.3",
        "6",
        "6.3",
        "6.3.1",
        "2",
        "3",
        "6.3.6",
        "6.3.7",
        "6.3.12",
        "6.3.15",
        "1",
        "2"
      ]
    },
    {
      "rule": "6.3.15",
      "id": "33608962-e92d-4f79-a695-bd4a436760b4",
      "score": 0.4664,
      "review": {
        "included": false,
        "rank": null,
        "limit": 12,
        "reason": "ranked"
      },
      "contextRules": [
        "1",
        "2",
        "3",
        "4",
        "4",
        "4",
        "4",
        "5",
        "5.5",
        "5.6",
        "5.7",
        "5.8",
        "5.14",
        "5.15",
        "6",
        "6.1.1",
        "6.2",
        "6.2.3",
        "6.2.3",
        "6",
        "6.3",
        "6.3.1",
        "2",
        "3",
        "6.3.6",
        "6.3.7",
        "6.3.12",
        "6.3.15",
        "1",
        "2"
      ]
    },
    {
      "rule": "6.3.1",
      "id": "b601ab68-b929-453c-9875-85b54ec71a5b",
      "score": 0.4659,
      "review": {
        "included": false,
        "rank": null,
        "limit": 12,
        "reason": "ranked"
      },
      "contextRules": [
        "1",
        "2",
        "3",
        "4",
        "4",
        "4",
        "4",
        "5",
        "5.5",
        "5.6",
        "5.7",
        "5.8",
        "5.14",
        "5.15",
        "6",
        "6.1.1",
        "6.2",
        "6.2.3",
        "6.2.3",
        "6",
        "6.3",
        "6.3.1",
        "2",
        "3",
        "6.3.6",
        "6.3.7",
        "6.3.12",
        "6.3.15",
        "1",
        "2"
      ]
    },
    {
      "rule": "",
      "id": "9826bba5-359a-4370-9773-6af4d6b973a3",
      "score": 0.4655,
      "review": {
        "included": false,
        "rank": null,
        "limit": 12,
        "reason": "ranked"
      },
      "contextRules": []
    },
    {
      "rule": "",
      "id": "483c8e50-3ff0-4ab2-bce9-dbddd91bf75b",
      "score": 0.4619,
      "review": {
        "included": false,
        "rank": null,
        "limit": 12,
        "reason": "ranked"
      },
      "contextRules": []
    }
  ]
}
