(node:1548) [MODULE_TYPELESS_PACKAGE_JSON] Warning: Module type of file:///C:/lwrpc-league-system/.local-validation/fast-fix-ratings-success/lwrpc-admin/app/lib/aiAnswerGeneration.js is not specified and it doesn't parse as CommonJS.
Reparsing as ES module because module syntax was detected. This incurs a performance overhead.
To eliminate this warning, add "type": "module" to C:\lwrpc-league-system\.local-validation\fast-fix-ratings-success\lwrpc-admin\package.json.
(Use `node --trace-warnings ...` to show where the warning was created)
✔ skips the answer model and returns the exact fallback when Stage 3 evidence is insufficient (22.3821ms)
✔ selects direct high-quality evidence, grounds the Responses request, and attaches only trusted sources (40.9964ms)
✔ returns a conservative clarification instead of a definitive model answer when supplied evidence conflicts (12.4297ms)
✔ prunes merely related deadline material while retaining same-rule and explicitly requested procedural support (12.0982ms)
✔ marks a selected rule as controlling when a more relevant guide also supplies procedural support (5.1301ms)
✔ preserves compact primary evidence for the five production Stage 4 evaluation cases (29.0532ms)
✔ preserves direct evidence for both roster management and Match Setup while pruning score entry (34.0819ms)
✔ uses the raw LMS-0703 production compound candidates to select only the direct roster-date and Match Setup deadline passages (44.3517ms)
✔ keeps roster-only and Match Setup-only source selections independent (10.1445ms)
✔ recognizes bounded roster-management and calendar wording variations in direct evidence (9.6682ms)
✔ reserves bounded evidence space for every detected compound intent (9.7221ms)
✔ builds concise trusted citation labels without duplicated rule metadata (1.1754ms)
✔ adds a browser-only PDF page fragment only for a valid cited chunk page (0.337ms)
✔ classifies a native Responses API refusal without exposing its text (13.2707ms)
✔ classifies an incomplete max-output-token Responses result (14.2354ms)
✔ classifies missing, malformed, and schema-invalid native structured output (40.5147ms)
✔ classifies an API failure separately from structured-output failures (14.3462ms)
✔ classifies an unparsable successful API payload as response extraction failure (14.6402ms)
✔ rejects citations that are not from supplied exact active-version evidence (9.2129ms)
✔ uses the explicit ownership FK in the production dual-relationship schema and revalidates the cited searchable chunk (11.7131ms)
✔ protects the answer route and preserves the required Stage 4 evaluation prompts (40.3447ms)
(node:29376) [MODULE_TYPELESS_PACKAGE_JSON] Warning: Module type of file:///C:/lwrpc-league-system/.local-validation/fast-fix-ratings-success/lwrpc-admin/app/lib/aiRetrieval.js is not specified and it doesn't parse as CommonJS.
Reparsing as ES module because module syntax was detected. This incurs a performance overhead.
To eliminate this warning, add "type": "module" to C:\lwrpc-league-system\.local-validation\fast-fix-ratings-success\lwrpc-admin\package.json.
(Use `node --trace-warnings ...` to show where the warning was created)
✔ validates bounded manager retrieval requests and supported context (7.931ms)
✔ uses one compatible embedding and the protected hybrid RPC without chat generation (27.423ms)
✔ keeps authority subject-relevant and evidence fallback conservative (1.3556ms)
✔ retrieval SQL locks out inactive, historical, failed, and excluded content while retaining catalog authority (23.5742ms)
✔ generic exact matching recognizes unseen official phrases without boosting generic words (16.3453ms)
✔ FTS removes generic question framing while retaining meaningful content terms (12.2703ms)
✔ uses generic deadline and procedural compatibility without changing hybrid weights (22.6568ms)
✔ grounds lineup terminology in official Match Setup evidence without expanding unrelated lineups (5.0225ms)
✔ derives bounded typo normalizations from official candidate vocabulary (10.4612ms)
✔ 0720 preserves the original RPC query and exposes corpus suggestion separately from interpretation (10.986ms)
✔ uses a generic interpersonal-conduct signal without targeting a document (5.8486ms)
✔ uses a generic interruption expansion without injecting an official outcome term (15.102ms)
✔ LMS-0709 adds kitchen/NVZ terminology only for a document-grounded pickleball-rule context (5.5469ms)
✔ LMS-0708 keeps the singular and plural match detector identical in Stage 3 SQL (7.3634ms)
✔ LMS-0711 adds a bounded, deduplicated LWR match-equipment probe without changing normal candidates (19.4137ms)
✔ retrieval route is League Manager protected and has no answer-model path (2.4544ms)
✔ includes the approved multi-document, paired-intent, conduct, natural-language, typo, and unsupported-question evaluation prompts (0.6176ms)
(node:19460) [MODULE_TYPELESS_PACKAGE_JSON] Warning: Module type of file:///C:/lwrpc-league-system/.local-validation/fast-fix-ratings-success/lwrpc-admin/app/lib/askLwrConversationState.js is not specified and it doesn't parse as CommonJS.
Reparsing as ES module because module syntax was detected. This incurs a performance overhead.
To eliminate this warning, add "type": "module" to C:\lwrpc-league-system\.local-validation\fast-fix-ratings-success\lwrpc-admin\package.json.
(Use `node --trace-warnings ...` to show where the warning was created)
✔ LMS-0712 standalone precedence: Can I volley in the kitchen? (74.374ms)
✔ LMS-0712 standalone precedence: what kind of ball are we using (10.6906ms)
✔ LMS-0712 standalone precedence: What are the USA Pickleball requirements for a legal ball? (15.3625ms)
✔ LMS-0712 standalone precedence: What happens if the ball is damaged during play? (24.5809ms)
✔ LMS-0712 bounded subject fragment: Ball (8.089ms)
✔ LMS-0712 bounded subject fragment: Paddle (6.2825ms)
✔ LMS-0712 bounded subject fragment: Ball. (3.413ms)
✔ LMS-0712 bounded subject fragment: the outdoor ball (6.4816ms)
✔ LMS-0712 bounded subject fragment: our team clothing (9.8067ms)
✔ LMS-0712 bounded subject fragment: the paddle surface (9.0087ms)
✔ LMS-0712 bounded subject fragment: Shoes (8.2063ms)
✔ LMS-0712 unrelated ambiguity never repeats color or overwrites actual raw diagnostics (11.9917ms)
✔ LMS-0712 guards raw personal follow-ups and composed effective questions (4.1716ms)
✔ LMS-0712 ordinary and kitchen follow-up context remains usable (14.9196ms)
✔ LMS-0712 explicit null survives restoration and never reads display receipts (1.0668ms)
✔ LMS-0712 late completion cannot replace a newer request context (0.481ms)
✔ LMS-0712 bounded color evidence: Are there any color considerations for Ball? (27.3437ms)
✔ LMS-0712 bounded color evidence: Are there any color restrictions for the ball? (6.5834ms)
✔ LMS-0712 bounded color evidence: What color requirements are there for a ball? (4.6983ms)
✔ LMS-0712 color negative control: Are there any color considerations for Paddle? (8.8646ms)
✔ LMS-0712 color negative control: Are there any red color considerations for Ball? (5.3385ms)
✔ LMS-0712 color negative control: Are there any color considerations for Ball at night? (4.6708ms)
✔ LMS-0712 color negative control: What pressure must the ball have? (4.3995ms)
✔ LMS-0712 color negative control: What happens if the ball is damaged during play? (6.9551ms)
✔ LMS-0712 color negative control: What are the USA Pickleball requirements for a legal ball? (7.6595ms)
✔ LMS-0712 integrated Color -> Ball -> standalone with authoritative receipt (50.449ms)
✔ LMS-0712 integrated Color -> Paddle -> standalone with authoritative receipt (29.8236ms)
✔ LMS-0712 integrated standalone source paths and kitchen momentum (126.8073ms)
✔ LMS-0712 mobile layout and feedback rendering contracts (59.0903ms)
✔ LMS-0725 compact welcome and help examples use normal submit (7.0891ms)
(node:3748) [MODULE_TYPELESS_PACKAGE_JSON] Warning: Module type of file:///C:/lwrpc-league-system/.local-validation/fast-fix-ratings-success/lwrpc-admin/app/lib/aiMaterialQualifications.js is not specified and it doesn't parse as CommonJS.
Reparsing as ES module because module syntax was detected. This incurs a performance overhead.
To eliminate this warning, add "type": "module" to C:\lwrpc-league-system\.local-validation\fast-fix-ratings-success\lwrpc-admin\package.json.
(Use `node --trace-warnings ...` to show where the warning was created)
✔ material exception restricts the same proposition (4.4225ms)
✔ non-material related detail is not a qualification (1.0874ms)
✔ unrelated terminology does not establish a relationship (1.0581ms)
✔ contradiction is retained for conflict assessment, not treated as automatic override (3.9541ms)
✔ foreign scope cannot qualify a broad proposition (1.3241ms)
✔ production candidate already in review preserves material scoring qualification (65.5881ms)
✔ scoring qualification control: How does rally scoring work? (43.7835ms)
✔ scoring qualification control: Do you score when receiving in rally scoring? (32.8852ms)
✔ scoring qualification control: Do I have to be serving to win in rally scoring? (33.8616ms)
✔ scoring qualification control: What happens at game point in rally scoring? (34.7212ms)
✔ scoring qualification control: How does the scoring freeze work? (34.3502ms)
✔ scoring qualification control: What are the Weekday rally scoring rules? (34.7653ms)
✔ scoring qualification control: What are the Saturday rally scoring rules? (35.9746ms)
✔ scoring qualification control: What are the PrimeTime rally scoring rules? (33.1718ms)
(node:18016) [MODULE_TYPELESS_PACKAGE_JSON] Warning: Module type of file:///C:/lwrpc-league-system/.local-validation/fast-fix-ratings-success/lwrpc-admin/app/lib/aiRetrieval.js is not specified and it doesn't parse as CommonJS.
Reparsing as ES module because module syntax was detected. This incurs a performance overhead.
To eliminate this warning, add "type": "module" to C:\lwrpc-league-system\.local-validation\fast-fix-ratings-success\lwrpc-admin\package.json.
(Use `node --trace-warnings ...` to show where the warning was created)
✔ 0722 production-format original/vector-reuse replay: I could use some clarification on the Saturday league mixed doubles. Is it permissible to use players other than the 12 that played in the single gender matches? (295.1389ms)
✔ 0722 production-format original/vector-reuse replay: What is the website for the club (25.4083ms)
✔ 0722 production-format original/vector-reuse replay: what are your rally scoring rules (35.8843ms)
✔ 0722 production-format original/vector-reuse replay: Is the kitchen the same as the NVZ (36.4421ms)
✔ 0722 production-format original/vector-reuse replay: clothing (10.0111ms)
✔ 0722 production-format original/vector-reuse replay: I am unable to log into my account. How do I reset my password (61.9696ms)
✔ 0722 production-format original/vector-reuse replay: Where do I find the info on what Pickleball’s we will be using with weekday league? I thought I read that we were using Joola HC-40. (104.1455ms)
✔ 0722 production-format original/vector-reuse replay: So one more clarification... do we need a min of 2 men and 2 women, all under 9.1 combined, to play best of 3 men's games, 3 women's games, and 3 mixed games? And since that's a lot in the heat, you suggest a roster of 6 people total? (100.5711ms)
✔ 0722 production-format original/vector-reuse replay: Interested in putting together a team from LWRCC but need to understand better how many players we need for each team and assume that any two need a combined dupr of 9.1 or less? (66.2057ms)
✔ 0722 production-format original/vector-reuse replay: How many players do i need for the primetime league (69.0728ms)
✔ 0722 production-format original/vector-reuse replay: Can I stand in the kitchen when I am not volleying? (60.7507ms)
✔ 0722 production-format original/vector-reuse replay: What is the PrimeTime Picklebreaker format? (30.3182ms)
✔ 0722 production-format original/vector-reuse replay: How many players play in a Weekday 9.1 match? (55.6126ms)
✔ 0722 production-format original/vector-reuse replay: Does the weekday 9.1 league have a different format? (120.1071ms)
✔ 0722 production-format original/vector-reuse replay: We are currently trying to order a blouse for our team. Are there any color restrictions? (52.2415ms)
✔ 0722 production-format original/vector-reuse replay: How many players do I need for the PrimeTime League? (28.084ms)
✔ 0722 production-format original/vector-reuse replay: How many players do I need for the Saturday League? (28.8169ms)
✔ 0722 production-format original/vector-reuse replay: How many players do I need for Weekday? (20.3024ms)
✔ 0722 production-format original/vector-reuse replay: How many players do I need for Weekday 9.1? (70.2885ms)
✔ 0722 production-format original/vector-reuse replay: What kind of games will be played in the Saturday League? (36.0582ms)
✔ 0722 production-format original/vector-reuse replay: What is the PrimeTime match format? (18.2531ms)
✔ 0722 production-format original/vector-reuse replay: What is the Saturday match format? (19.0884ms)
✔ 0722 production-format original/vector-reuse replay: How many players do I need for PrimeTime? (9.0435ms)
✔ 0722 production-format original/vector-reuse replay: How many players do I need for Saturday? (11.1152ms)
✔ 0722 production-format original/vector-reuse replay: How does the PrimeTime Picklebreaker work? (9.7964ms)
✔ 0722 production-format original/vector-reuse replay: How does the Saturday Picklebreaker work? (18.9224ms)
✔ 0722 production-format original/vector-reuse replay: What kind of games will be played in the primetime league (26.7314ms)
✔ 0722 apparel object is explicit: We are currently trying to order a blouse for our team. Are there any color restrictions? (2.7522ms)
✔ 0722 apparel object is explicit: Are there color restrictions for our team shirts? (3.2172ms)
✔ 0722 apparel object is explicit: Can our team wear any color jersey? (1.7652ms)
✔ 0722 apparel object is explicit: We're ordering blouses for the team. Are there color restrictions? (1.8569ms)
✔ 0722 unbound color clarifies: What color can our team wear? (0.7641ms)
✔ 0722 unbound color clarifies: Are there color restrictions? (0.3735ms)
✔ 0722 protected intent: What email address is my account under? (0.274ms)
✔ 0722 protected intent: What is my DUPR? (0.6368ms)
✔ 0722 protected intent: What team am I on? (0.1265ms)
✔ 0722 protected intent: Did I enter my match scores? (0.1553ms)
✔ 0722 documented procedure remains public: How do I reset my password? (1.4815ms)
✔ 0722 documented procedure remains public: Where do I enter match scores? (0.9094ms)
✔ 0722 documented procedure remains public: How do I update my roster? (0.4696ms)
✔ 0722 generic equal-authority target conflict is order-independent and skips generation (15.0017ms)
✔ 0722 document navigation uses active catalog/anchor without scores, embeddings or model (1.9918ms)
✔ 0722 scoped rally evidence cannot leak another league: Saturday (187.9594ms)
✔ 0722 scoped rally evidence cannot leak another league: Weekday (153.1987ms)
✔ 0722 scoped rally evidence cannot leak another league: PrimeTime (171.6399ms)
✔ 0722 current-rule scope and division applicability: How many players do I need for the PrimeTime League? (59.8469ms)
✔ 0722 current-rule scope and division applicability: How many players play in a Weekday 9.1 match? (194.2972ms)
✔ 0722 current-rule scope and division applicability: How many players do I need for Saturday? (42.9561ms)
✔ 0722 current-rule scope and division applicability: How is Weekday 9.1 different? (245.5475ms)
✔ 0722 current-rule scope and division applicability: Is Weekday 9.1 a flex league? (195.7142ms)
✔ 0722 current-rule scope and division applicability: When does Weekday 9.1 normally play? (172.0556ms)
✔ 0722 current-rule scope and division applicability: Can Weekday 9.1 captains change the match time? (232.9369ms)
✔ 0722 current-rule scope and division applicability: What is the Saturday 9.1 format? (444.1564ms)
✔ 0722 current-rule scope and division applicability: What is the Weekday format? (94.6501ms)
✔ 0722 overall roster question cannot use fielded-player rule (23.8465ms)
✔ 0722 document identity: Show me the Captains Guide (0.7696ms)
✔ 0722 document identity: Where are the Important Dates? (0.1763ms)
✔ 0722 document identity: Where is the Players Guide? (0.4628ms)
✔ 0722 document identity: Where is the USAP rulebook? (0.806ms)
✔ 0722 account identity embedded in how-to remains protected (0.3529ms)
✔ 0722 MUST PASS named-league evidence and absence of foreign scope: How many players do I need for the PrimeTime League? (19.6021ms)
✔ 0722 MUST PASS named-league evidence and absence of foreign scope: How many players do I need for the Saturday League? (14.7633ms)
✔ 0722 MUST PASS named-league evidence and absence of foreign scope: How many players do I need for Weekday? (10.1893ms)
✔ 0722 MUST PASS named-league evidence and absence of foreign scope: How many players do I need for Weekday 9.1? (29.0852ms)
✔ 0722 MUST PASS named-league evidence and absence of foreign scope: What kind of games will be played in the primetime league (16.35ms)
✔ 0722 MUST PASS named-league evidence and absence of foreign scope: What kind of games will be played in the Saturday League? (18.6032ms)
✔ 0722 MUST PASS named-league evidence and absence of foreign scope: What is the PrimeTime match format? (7.0495ms)
✔ 0722 MUST PASS named-league evidence and absence of foreign scope: What is the Saturday match format? (13.7409ms)
✔ 0722 MUST PASS named-league evidence and absence of foreign scope: How many players do I need for PrimeTime? (9.0476ms)
✔ 0722 MUST PASS named-league evidence and absence of foreign scope: How many players do I need for Saturday? (9.4987ms)
✔ 0722 MUST PASS named-league evidence and absence of foreign scope: How does the PrimeTime Picklebreaker work? (9.5845ms)
✔ 0722 MUST PASS named-league evidence and absence of foreign scope: How does the Saturday Picklebreaker work? (13.163ms)
✔ 0722 adjoining numbered league passages override an ambiguous containing heading (3.2187ms)
(node:26020) [MODULE_TYPELESS_PACKAGE_JSON] Warning: Module type of file:///C:/lwrpc-league-system/.local-validation/fast-fix-ratings-success/lwrpc-admin/app/lib/aiQuestionConcepts.js is not specified and it doesn't parse as CommonJS.
Reparsing as ES module because module syntax was detected. This incurs a performance overhead.
To eliminate this warning, add "type": "module" to C:\lwrpc-league-system\.local-validation\fast-fix-ratings-success\lwrpc-admin\package.json.
(Use `node --trace-warnings ...` to show where the warning was created)
✔ Where can I find the seasons scoring sheet (50.391ms)
✔ Where can I find the season's score sheet? (7.8944ms)
✔ Where do I get the Match Score Sheet? (6.1388ms)
✔ How do I print the scoring sheet? (9.5809ms)
✔ Where can I download a scoresheet? (6.1316ms)
✔ Where is the score sheet button? (6.173ms)
✔ bounded assisted search recovers guide when initial results only contain printing prerequisite (79.0454ms)
✔ missing location or unrelated evidence cannot answer score-sheet access (9.1329ms)
✔ nearby score entry, scoring rules, personal records and document navigation stay separate (7.1833ms)
✔ location survives the four-source limit ahead of higher-scoring incidental sheets (6.1631ms)
(node:20660) [MODULE_TYPELESS_PACKAGE_JSON] Warning: Module type of file:///C:/lwrpc-league-system/.local-validation/fast-fix-ratings-success/lwrpc-admin/app/lib/aiQuestionConcepts.js is not specified and it doesn't parse as CommonJS.
Reparsing as ES module because module syntax was detected. This incurs a performance overhead.
To eliminate this warning, add "type": "module" to C:\lwrpc-league-system\.local-validation\fast-fix-ratings-success\lwrpc-admin\package.json.
(Use `node --trace-warnings ...` to show where the warning was created)
✔ Do all games in the Saturday league post to DUPR (59.0542ms)
✔ Are all Saturday league games submitted to DUPR? (15.3137ms)
✔ Which Saturday games get uploaded to DUPR? (16.2638ms)
✔ Do Saturday mixed doubles games post to DUPR? (9.3259ms)
✔ Are Saturday Picklebreaker games recorded in DUPR? (10.2997ms)
✔ Are Saturday league results posted to DUPR for all matches? (28.1462ms)
✔ Will the Saturday league games be entered into DUPR (13.8285ms)
✔ Saturday league will you enter into dupr (7.7908ms)
✔ Are Saturday games entered in DUPR? (14.7052ms)
✔ Will Saturday mixed doubles be entered into DUPR? (14.1635ms)
✔ existing assisted search retrieves posting clause and same-version league context (65.9551ms)
✔ rank-16 posting clause enters existing bounded authority review with verified league scope (19.4077ms)
✔ generic submission rule, wrong league, unscoped and missing clauses cannot replace Saturday posting (22.3355ms)
✔ personal status, score entry and Saturday format stay separate (4.2824ms)
✔ DUPR entry procedure, identity, ratings and historical status are not posting policy (1.2628ms)
ℹ tests 180
ℹ suites 0
ℹ pass 180
ℹ fail 0
ℹ cancelled 0
ℹ skipped 0
ℹ todo 0
ℹ duration_ms 5153.827
