(node:29316) [MODULE_TYPELESS_PACKAGE_JSON] Warning: Module type of file:///C:/lwrpc-league-system/.local-validation/fast-fix-ratings-success/lwrpc-admin/app/lib/aiRequestIntent.js is not specified and it doesn't parse as CommonJS.
Reparsing as ES module because module syntax was detected. This incurs a performance overhead.
To eliminate this warning, add "type": "module" to C:\lwrpc-league-system\.local-validation\fast-fix-ratings-success\lwrpc-admin\package.json.
(Use `node --trace-warnings ...` to show where the warning was created)
✔ current Rule 3.5: Can I play on a team from another community (91.9246ms)
✔ current Rule 3.5: Do I have to play in my own community (16.7597ms)
✔ current Rule 3.5: Can I play for another community? (13.0881ms)
✔ current Rule 3.5: Can I join a different community’s team? (8.5425ms)
✔ current Rule 3.5: Do I have to play for my own community if there is room? (11.9961ms)
✔ current Rule 3.5: Can I play for another community in the Weekday League? (14.2855ms)
✔ current policy fails closed on incomplete, conflicting or wrong-league evidence (52.128ms)
✔ nearby personal records and division eligibility preserve their routes (7.9341ms)
✔ generation preserves recommendation instead of imposing historical prohibition (124.0834ms)
(node:10448) [MODULE_TYPELESS_PACKAGE_JSON] Warning: Module type of file:///C:/lwrpc-league-system/.local-validation/fast-fix-ratings-success/lwrpc-admin/app/lib/liveLmsIntent.js is not specified and it doesn't parse as CommonJS.
Reparsing as ES module because module syntax was detected. This incurs a performance overhead.
To eliminate this warning, add "type": "module" to C:\lwrpc-league-system\.local-validation\fast-fix-ratings-success\lwrpc-admin\package.json.
(Use `node --trace-warnings ...` to show where the warning was created)
✔ 0725 benchmark Q01: Who is on my roster? (16.8384ms)
✔ 0725 benchmark Q02: Show me my roster. (6.548ms)
✔ 0725 benchmark Q03: How many players are currently on my roster? (1.0828ms)
✔ 0725 benchmark Q04: Who is on the Artisan Lakes roster? (1.4851ms)
✔ 0725 benchmark Q05: Show the Artisan Lakes roster. (1.0785ms)
✔ 0725 benchmark Q06: Which players are on our roster? (0.4ms)
✔ 0725 benchmark Q07: What date can I start entering my roster for weekday league (22.6317ms)
✔ 0725 benchmark Q08: when can I start entering my players for my team (7.1404ms)
✔ 0725 benchmark Q09: When can I start entering my roster? (7.1798ms)
✔ 0725 benchmark Q10: What date can I start entering my roster for weekday league? (7.9731ms)
✔ 0725 benchmark Q11: When can I add players? (0.9966ms)
✔ 0725 benchmark Q12: When does roster entry open? (2.0559ms)
✔ 0725 benchmark Q13: When can I start entering my PrimeTime players? (12.2675ms)
✔ 0725 benchmark Q14: When can I start entering my Saturday roster? (5.5103ms)
✔ 0725 benchmark Q15: When may I begin entering team players? (11.2245ms)
✔ 0725 benchmark Q16: When can I build my roster? (4.3726ms)
✔ 0725 benchmark Q17: When can I fill my roster? (0.9597ms)
✔ 0725 benchmark Q18: When can I start my roster? (1.547ms)
✔ 0725 benchmark Q19: Can I add players to my roster yet? (0.6676ms)
✔ 0725 benchmark Q20: When do we begin adding players to our team? (4.3004ms)
✔ 0725 benchmark Q21: What date does player entry open for Weekday? (3.8654ms)
✔ 0725 benchmark Q22: When can I start entering my rosterr for weekdy league? (13.1245ms)
✔ 0725 benchmark Q23: when can i add plyers to my team (4.5448ms)
✔ 0725 benchmark Q24: When can I enter players in the match lineup? (10.4041ms)
✔ 0725 benchmark Q25: How do I enter players on my roster? (1.6265ms)
✔ 0725 benchmark Q26: How do I add a player to my roster? (1.4164ms)
✔ 0725 benchmark Q27: How can I update my roster? (2.058ms)
✔ 0725 benchmark Q28: Where do I go to build my team roster? (2.5347ms)
✔ 0725 benchmark Q29: How do I enter match scores? (5.2227ms)
✔ 0725 benchmark Q30: Does the weekday dupr league use rally scoring (8.9853ms)
✔ 0725 benchmark Q31: Does the Weekday DUPR League use Rally Scoring? (6.3303ms)
✔ 0725 benchmark Q32: What scoring method does the Weekday League use? (6.5866ms)
✔ 0725 benchmark Q33: Do regular Weekday games use Rally Scoring? (16.8271ms)
✔ 0725 benchmark Q34: Does Weekday 9.1 use Rally Scoring? (3.7963ms)
✔ 0725 benchmark Q35: Does the Weekday 9.1 Picklebreaker use Rally Scoring? (2.7552ms)
✔ 0725 benchmark Q36: Is Weekday all rally? (0.6656ms)
✔ 0725 benchmark Q37: Does the weekdy league use raly scoring? (5.5507ms)
✔ 0725 benchmark Q38: Does Saturday use Rally Scoring? (2.5593ms)
✔ 0725 benchmark Q39: Do regular Saturday games use Rally Scoring? (5.3912ms)
✔ 0725 benchmark Q40: Does the Saturday Picklebreaker use Rally Scoring? (5.7633ms)
✔ 0725 benchmark Q41: Does PrimeTime use Rally Scoring? (6.9985ms)
✔ 0725 benchmark Q42: Do regular PrimeTime games use Rally Scoring? (4.387ms)
✔ 0725 benchmark Q43: Does the PrimeTime Picklebreaker use Rally Scoring? (2.9256ms)
✔ 0725 benchmark Q44: Does Weekday 8.1 use Rally Scoring? (2.6278ms)
✔ 0725 benchmark Q45: How does Rally Scoring work? (3.5835ms)
✔ 0725 benchmark Q46: How does Rally Scoring work in a Picklebreaker? (4.9223ms)
✔ 0725 benchmark Q47: Do I have to be serving to win with Rally Scoring? (5.1257ms)
✔ 0725 benchmark Q48: What happens at 24 all in a game to 25 by 2? (7.767ms)
✔ 0725 benchmark Q49: When do scores freeze again? (8.2921ms)
✔ 0725 benchmark Q50: What's my DUPR (1.4387ms)
✔ 0725 benchmark Q51: What is my Season DUPR? (1.5825ms)
✔ 0725 benchmark Q52: What is my PrimeTime Season DUPR? (1.1639ms)
✔ 0725 benchmark Q53: What is my current official DUPR? (4.1635ms)
✔ 0725 benchmark Q54: When is Season DUPR established? (3.2906ms)
✔ 0725 benchmark Q55: When is my Season DUPR established? (2.066ms)
✔ 0725 benchmark Q56: How is my Season DUPR calculated? (1.2712ms)
✔ 0725 benchmark Q57: When are Season DUPR ratings recorded for Saturday? (4.02ms)
✔ 0725 benchmark Q58: Export all player emails (0.2108ms)
✔ 0725 benchmark Q59: What is my password? (0.21ms)
✔ 0725 benchmark Q60: Did I save my lineup? (0.4599ms)
✔ 0725 benchmark Q61: Am I currently eligible for this team? (0.4949ms)
✔ 0725 benchmark Q62: Show my rating and tell me if I am eligible (1.1301ms)
✔ 0725 benchmark Q63: What is my roster and when can I add players? (0.5281ms)
✔ 0725 complete scoring obligation and no cross-league leakage: Weekday (62.4616ms)
✔ 0725 complete scoring obligation and no cross-league leakage: Weekday regular games (15.8263ms)
✔ 0725 complete scoring obligation and no cross-league leakage: Weekday Picklebreaker (3.0557ms)
✔ 0725 complete scoring obligation and no cross-league leakage: Saturday (2.8834ms)
✔ 0725 complete scoring obligation and no cross-league leakage: Saturday regular games (16.4195ms)
✔ 0725 complete scoring obligation and no cross-league leakage: Saturday Picklebreaker (11.5867ms)
✔ 0725 complete scoring obligation and no cross-league leakage: PrimeTime (3.9524ms)
✔ 0725 complete scoring obligation and no cross-league leakage: PrimeTime regular games (7.6738ms)
✔ 0725 complete scoring obligation and no cross-league leakage: PrimeTime Picklebreaker (2.8524ms)
✔ 0725 scoped division, mechanics-only denial, incomplete default and current dates (41.6633ms)
✔ 0725 semantics preserve current date, procedure, names and personal privacy (5.3158ms)
✔ 0725 opaque choices requery, resolved display, missing vs NR, no model and target binding (24.2522ms)
✔ 0725 current-date comparison is deterministic and never certifies unlock/eligibility (42.3834ms)
✔ 0725 unbound tied-score and freeze followups clarify before retrieval (4.2024ms)
(node:18384) [MODULE_TYPELESS_PACKAGE_JSON] Warning: Module type of file:///C:/lwrpc-league-system/.local-validation/fast-fix-ratings-success/lwrpc-admin/app/lib/aiRequestIntent.js is not specified and it doesn't parse as CommonJS.
Reparsing as ES module because module syntax was detected. This incurs a performance overhead.
To eliminate this warning, add "type": "module" to C:\lwrpc-league-system\.local-validation\fast-fix-ratings-success\lwrpc-admin\package.json.
(Use `node --trace-warnings ...` to show where the warning was created)
✔ When do the Season DUPR ratings record? (179.7016ms)
✔ When are the Season ratings done? (15.3947ms)
✔ Regarding Season DUPR rating date, when is that actual date? (28.2583ms)
✔ Season DUPR rating date (27.892ms)
✔ When are Season DUPR ratings recorded? (20.1341ms)
✔ What date is my Season DUPR established? (3.3303ms)
✔ When does my Season DUPR lock in? (4.4608ms)
✔ When will my Season DUPR be recorded? (6.8059ms)
✔ When do you record the Season DUPR? (6.8175ms)
✔ What is the actual Season DUPR date? (14.2082ms)
✔ When does Season DUPR become official? (6.9657ms)
✔ When is Season DUPR set? (2.7117ms)
✔ What date are Season DUPRs recorded? (7.9619ms)
✔ explicit Fall PrimeTime and Weekday retain exact scope (8.4679ms)
✔ general rule and personal stored/status questions preserve routes (111.2157ms)
✔ future source date changes require no application constant; missing/wrong-year evidence fails closed (14.1568ms)
✔ differing dates clarify only applicable leagues and retain season after response (23.4215ms)
(node:29336) [MODULE_TYPELESS_PACKAGE_JSON] Warning: Module type of file:///C:/lwrpc-league-system/.local-validation/fast-fix-ratings-success/lwrpc-admin/app/lib/aiRequestIntent.js is not specified and it doesn't parse as CommonJS.
Reparsing as ES module because module syntax was detected. This incurs a performance overhead.
To eliminate this warning, add "type": "module" to C:\lwrpc-league-system\.local-validation\fast-fix-ratings-success\lwrpc-admin\package.json.
(Use `node --trace-warnings ...` to show where the warning was created)
✔ For the Season DUPR rating, do you round up down to the first decimal?   (50.1047ms)
✔ Do you round Season DUPR up or down? (10.586ms)
✔ Is Season DUPR rounded to one decimal place? (8.5358ms)
✔ Season DUPR rounding (4.3731ms)
✔ Is the Season DUPR truncated to a tenth? (3.4342ms)
✔ How many decimals are used for Season DUPR? (4.7206ms)
✔ missing truncation evidence cannot be replaced with a different rating clause (6.3078ms)
✔ nearby personal, date, eligibility and non-rating questions preserve routing (4.9246ms)
ℹ tests 111
ℹ suites 0
ℹ pass 111
ℹ fail 0
ℹ cancelled 0
ℹ skipped 0
ℹ todo 0
ℹ duration_ms 12656.7307
