(node:15292) [MODULE_TYPELESS_PACKAGE_JSON] Warning: Module type of file:///C:/lwrpc-league-system/.local-validation/fast-fix-ratings-success/lwrpc-admin/app/lib/aiAnswerGeneration.js is not specified and it doesn't parse as CommonJS.
Reparsing as ES module because module syntax was detected. This incurs a performance overhead.
To eliminate this warning, add "type": "module" to C:\lwrpc-league-system\.local-validation\fast-fix-ratings-success\lwrpc-admin\package.json.
(Use `node --trace-warnings ...` to show where the warning was created)
✔ skips the answer model and returns the exact fallback when Stage 3 evidence is insufficient (13.2227ms)
✔ selects direct high-quality evidence, grounds the Responses request, and attaches only trusted sources (22.8694ms)
✔ returns a conservative clarification instead of a definitive model answer when supplied evidence conflicts (8.6389ms)
✔ prunes merely related deadline material while retaining same-rule and explicitly requested procedural support (10.2693ms)
✔ marks a selected rule as controlling when a more relevant guide also supplies procedural support (2.3047ms)
✔ preserves compact primary evidence for the five production Stage 4 evaluation cases (11.588ms)
✔ preserves direct evidence for both roster management and Match Setup while pruning score entry (13.6556ms)
✔ uses the raw LMS-0703 production compound candidates to select only the direct roster-date and Match Setup deadline passages (19.7911ms)
✔ keeps roster-only and Match Setup-only source selections independent (4.5176ms)
✔ recognizes bounded roster-management and calendar wording variations in direct evidence (5.1622ms)
✔ reserves bounded evidence space for every detected compound intent (3.5358ms)
✔ builds concise trusted citation labels without duplicated rule metadata (0.9228ms)
✔ adds a browser-only PDF page fragment only for a valid cited chunk page (0.1523ms)
✔ classifies a native Responses API refusal without exposing its text (5.438ms)
✔ classifies an incomplete max-output-token Responses result (5.9687ms)
✔ classifies missing, malformed, and schema-invalid native structured output (14.2833ms)
✔ classifies an API failure separately from structured-output failures (4.8086ms)
✔ classifies an unparsable successful API payload as response extraction failure (4.7429ms)
✔ rejects citations that are not from supplied exact active-version evidence (2.3465ms)
✔ uses the explicit ownership FK in the production dual-relationship schema and revalidates the cited searchable chunk (5.2973ms)
✔ protects the answer route and preserves the required Stage 4 evaluation prompts (12.196ms)
(node:7676) [MODULE_TYPELESS_PACKAGE_JSON] Warning: Module type of file:///C:/lwrpc-league-system/.local-validation/fast-fix-ratings-success/lwrpc-admin/app/lib/aiRetrieval.js is not specified and it doesn't parse as CommonJS.
Reparsing as ES module because module syntax was detected. This incurs a performance overhead.
To eliminate this warning, add "type": "module" to C:\lwrpc-league-system\.local-validation\fast-fix-ratings-success\lwrpc-admin\package.json.
(Use `node --trace-warnings ...` to show where the warning was created)
✔ validates bounded manager retrieval requests and supported context (2.6745ms)
✔ uses one compatible embedding and the protected hybrid RPC without chat generation (13.2584ms)
✔ keeps authority subject-relevant and evidence fallback conservative (0.2929ms)
✔ retrieval SQL locks out inactive, historical, failed, and excluded content while retaining catalog authority (10.0856ms)
✔ generic exact matching recognizes unseen official phrases without boosting generic words (6.1957ms)
✔ FTS removes generic question framing while retaining meaningful content terms (1.553ms)
✔ uses generic deadline and procedural compatibility without changing hybrid weights (7.0995ms)
✔ grounds lineup terminology in official Match Setup evidence without expanding unrelated lineups (1.6327ms)
✔ derives bounded typo normalizations from official candidate vocabulary (4.0591ms)
✔ 0720 preserves the original RPC query and exposes corpus suggestion separately from interpretation (2.6414ms)
✔ uses a generic interpersonal-conduct signal without targeting a document (2.6352ms)
✔ uses a generic interruption expansion without injecting an official outcome term (3.8039ms)
✔ LMS-0709 adds kitchen/NVZ terminology only for a document-grounded pickleball-rule context (3.2799ms)
✔ LMS-0708 keeps the singular and plural match detector identical in Stage 3 SQL (2.2749ms)
✔ LMS-0711 adds a bounded, deduplicated LWR match-equipment probe without changing normal candidates (6.6179ms)
✔ retrieval route is League Manager protected and has no answer-model path (1.7525ms)
✔ includes the approved multi-document, paired-intent, conduct, natural-language, typo, and unsupported-question evaluation prompts (0.255ms)
(node:14008) [MODULE_TYPELESS_PACKAGE_JSON] Warning: Module type of file:///C:/lwrpc-league-system/.local-validation/fast-fix-ratings-success/lwrpc-admin/app/lib/askLwrConversationState.js is not specified and it doesn't parse as CommonJS.
Reparsing as ES module because module syntax was detected. This incurs a performance overhead.
To eliminate this warning, add "type": "module" to C:\lwrpc-league-system\.local-validation\fast-fix-ratings-success\lwrpc-admin\package.json.
(Use `node --trace-warnings ...` to show where the warning was created)
✔ LMS-0712 standalone precedence: Can I volley in the kitchen? (26.7495ms)
✔ LMS-0712 standalone precedence: what kind of ball are we using (3.9165ms)
✔ LMS-0712 standalone precedence: What are the USA Pickleball requirements for a legal ball? (5.2924ms)
✔ LMS-0712 standalone precedence: What happens if the ball is damaged during play? (10.4883ms)
✔ LMS-0712 bounded subject fragment: Ball (2.3217ms)
✔ LMS-0712 bounded subject fragment: Paddle (1.869ms)
✔ LMS-0712 bounded subject fragment: Ball. (1.0426ms)
✔ LMS-0712 bounded subject fragment: the outdoor ball (2.4251ms)
✔ LMS-0712 bounded subject fragment: our team clothing (4.2464ms)
✔ LMS-0712 bounded subject fragment: the paddle surface (2.7736ms)
✔ LMS-0712 bounded subject fragment: Shoes (1.6219ms)
✔ LMS-0712 unrelated ambiguity never repeats color or overwrites actual raw diagnostics (2.7679ms)
✔ LMS-0712 guards raw personal follow-ups and composed effective questions (1.2548ms)
✔ LMS-0712 ordinary and kitchen follow-up context remains usable (4.6128ms)
✔ LMS-0712 explicit null survives restoration and never reads display receipts (0.7051ms)
✔ LMS-0712 late completion cannot replace a newer request context (0.1875ms)
✔ LMS-0712 bounded color evidence: Are there any color considerations for Ball? (9.2126ms)
✔ LMS-0712 bounded color evidence: Are there any color restrictions for the ball? (2.0829ms)
✔ LMS-0712 bounded color evidence: What color requirements are there for a ball? (1.2063ms)
✔ LMS-0712 color negative control: Are there any color considerations for Paddle? (3.3822ms)
✔ LMS-0712 color negative control: Are there any red color considerations for Ball? (1.4255ms)
✔ LMS-0712 color negative control: Are there any color considerations for Ball at night? (1.7091ms)
✔ LMS-0712 color negative control: What pressure must the ball have? (1.457ms)
✔ LMS-0712 color negative control: What happens if the ball is damaged during play? (2.7611ms)
✔ LMS-0712 color negative control: What are the USA Pickleball requirements for a legal ball? (2.2457ms)
✔ LMS-0712 integrated Color -> Ball -> standalone with authoritative receipt (21.1761ms)
✔ LMS-0712 integrated Color -> Paddle -> standalone with authoritative receipt (11.5884ms)
✔ LMS-0712 integrated standalone source paths and kitchen momentum (45.0415ms)
✔ LMS-0712 mobile layout and feedback rendering contracts (16.7317ms)
✔ LMS-0725 compact welcome and help examples use normal submit (2.0843ms)
(node:21664) [MODULE_TYPELESS_PACKAGE_JSON] Warning: Module type of file:///C:/lwrpc-league-system/.local-validation/fast-fix-ratings-success/lwrpc-admin/app/lib/aiMaterialQualifications.js is not specified and it doesn't parse as CommonJS.
Reparsing as ES module because module syntax was detected. This incurs a performance overhead.
To eliminate this warning, add "type": "module" to C:\lwrpc-league-system\.local-validation\fast-fix-ratings-success\lwrpc-admin\package.json.
(Use `node --trace-warnings ...` to show where the warning was created)
✔ material exception restricts the same proposition (1.6754ms)
✔ non-material related detail is not a qualification (0.1831ms)
✔ unrelated terminology does not establish a relationship (0.2026ms)
✔ contradiction is retained for conflict assessment, not treated as automatic override (1.4381ms)
✔ foreign scope cannot qualify a broad proposition (0.223ms)
✔ production candidate already in review preserves material scoring qualification (30.2889ms)
✔ scoring qualification control: How does rally scoring work? (17.0367ms)
✔ scoring qualification control: Do you score when receiving in rally scoring? (13.1437ms)
✔ scoring qualification control: Do I have to be serving to win in rally scoring? (14.5731ms)
✔ scoring qualification control: What happens at game point in rally scoring? (13.2683ms)
✔ scoring qualification control: How does the scoring freeze work? (11.2482ms)
✔ scoring qualification control: What are the Weekday rally scoring rules? (12.5841ms)
✔ scoring qualification control: What are the Saturday rally scoring rules? (15.5156ms)
✔ scoring qualification control: What are the PrimeTime rally scoring rules? (13.6962ms)
(node:24620) [MODULE_TYPELESS_PACKAGE_JSON] Warning: Module type of file:///C:/lwrpc-league-system/.local-validation/fast-fix-ratings-success/lwrpc-admin/app/lib/aiRetrieval.js is not specified and it doesn't parse as CommonJS.
Reparsing as ES module because module syntax was detected. This incurs a performance overhead.
To eliminate this warning, add "type": "module" to C:\lwrpc-league-system\.local-validation\fast-fix-ratings-success\lwrpc-admin\package.json.
(Use `node --trace-warnings ...` to show where the warning was created)
✔ 0722 production-format original/vector-reuse replay: I could use some clarification on the Saturday league mixed doubles. Is it permissible to use players other than the 12 that played in the single gender matches? (92.7039ms)
✔ 0722 production-format original/vector-reuse replay: What is the website for the club (9.152ms)
✔ 0722 production-format original/vector-reuse replay: what are your rally scoring rules (11.4521ms)
✔ 0722 production-format original/vector-reuse replay: Is the kitchen the same as the NVZ (9.3622ms)
✔ 0722 production-format original/vector-reuse replay: clothing (3.6759ms)
✔ 0722 production-format original/vector-reuse replay: I am unable to log into my account. How do I reset my password (20.2296ms)
✔ 0722 production-format original/vector-reuse replay: Where do I find the info on what Pickleball’s we will be using with weekday league? I thought I read that we were using Joola HC-40. (32.4592ms)
✔ 0722 production-format original/vector-reuse replay: So one more clarification... do we need a min of 2 men and 2 women, all under 9.1 combined, to play best of 3 men's games, 3 women's games, and 3 mixed games? And since that's a lot in the heat, you suggest a roster of 6 people total? (34.7107ms)
✔ 0722 production-format original/vector-reuse replay: Interested in putting together a team from LWRCC but need to understand better how many players we need for each team and assume that any two need a combined dupr of 9.1 or less? (19.8768ms)
✔ 0722 production-format original/vector-reuse replay: How many players do i need for the primetime league (14.9182ms)
✔ 0722 production-format original/vector-reuse replay: Can I stand in the kitchen when I am not volleying? (17.1398ms)
✔ 0722 production-format original/vector-reuse replay: What is the PrimeTime Picklebreaker format? (11.7886ms)
✔ 0722 production-format original/vector-reuse replay: How many players play in a Weekday 9.1 match? (29.3029ms)
✔ 0722 production-format original/vector-reuse replay: Does the weekday 9.1 league have a different format? (63.7461ms)
✔ 0722 production-format original/vector-reuse replay: We are currently trying to order a blouse for our team. Are there any color restrictions? (21.5669ms)
✔ 0722 production-format original/vector-reuse replay: How many players do I need for the PrimeTime League? (11.934ms)
✔ 0722 production-format original/vector-reuse replay: How many players do I need for the Saturday League? (13.1813ms)
✔ 0722 production-format original/vector-reuse replay: How many players do I need for Weekday? (8.5635ms)
✔ 0722 production-format original/vector-reuse replay: How many players do I need for Weekday 9.1? (29.7574ms)
✔ 0722 production-format original/vector-reuse replay: What kind of games will be played in the Saturday League? (20.5322ms)
✔ 0722 production-format original/vector-reuse replay: What is the PrimeTime match format? (8.5775ms)
✔ 0722 production-format original/vector-reuse replay: What is the Saturday match format? (13.8107ms)
✔ 0722 production-format original/vector-reuse replay: How many players do I need for PrimeTime? (7.0085ms)
✔ 0722 production-format original/vector-reuse replay: How many players do I need for Saturday? (8.9475ms)
✔ 0722 production-format original/vector-reuse replay: How does the PrimeTime Picklebreaker work? (8.4918ms)
✔ 0722 production-format original/vector-reuse replay: How does the Saturday Picklebreaker work? (12.1896ms)
✔ 0722 production-format original/vector-reuse replay: What kind of games will be played in the primetime league (25.0868ms)
✔ 0722 apparel object is explicit: We are currently trying to order a blouse for our team. Are there any color restrictions? (2.419ms)
✔ 0722 apparel object is explicit: Are there color restrictions for our team shirts? (1.1475ms)
✔ 0722 apparel object is explicit: Can our team wear any color jersey? (0.9668ms)
✔ 0722 apparel object is explicit: We're ordering blouses for the team. Are there color restrictions? (0.698ms)
✔ 0722 unbound color clarifies: What color can our team wear? (0.4879ms)
✔ 0722 unbound color clarifies: Are there color restrictions? (0.1612ms)
✔ 0722 protected intent: What email address is my account under? (0.1589ms)
✔ 0722 protected intent: What is my DUPR? (0.2965ms)
✔ 0722 protected intent: What team am I on? (0.0631ms)
✔ 0722 protected intent: Did I enter my match scores? (0.0606ms)
✔ 0722 documented procedure remains public: How do I reset my password? (0.3758ms)
✔ 0722 documented procedure remains public: Where do I enter match scores? (0.342ms)
✔ 0722 documented procedure remains public: How do I update my roster? (0.1676ms)
✔ 0722 generic equal-authority target conflict is order-independent and skips generation (7.6381ms)
✔ 0722 document navigation uses active catalog/anchor without scores, embeddings or model (1.7038ms)
✔ 0722 scoped rally evidence cannot leak another league: Saturday (136.839ms)
✔ 0722 scoped rally evidence cannot leak another league: Weekday (122.736ms)
✔ 0722 scoped rally evidence cannot leak another league: PrimeTime (109.0838ms)
✔ 0722 current-rule scope and division applicability: How many players do I need for the PrimeTime League? (36.9535ms)
✔ 0722 current-rule scope and division applicability: How many players play in a Weekday 9.1 match? (148.78ms)
✔ 0722 current-rule scope and division applicability: How many players do I need for Saturday? (35.9928ms)
✔ 0722 current-rule scope and division applicability: How is Weekday 9.1 different? (179.5378ms)
✔ 0722 current-rule scope and division applicability: Is Weekday 9.1 a flex league? (149.1176ms)
✔ 0722 current-rule scope and division applicability: When does Weekday 9.1 normally play? (145.6531ms)
✔ 0722 current-rule scope and division applicability: Can Weekday 9.1 captains change the match time? (148.8631ms)
✔ 0722 current-rule scope and division applicability: What is the Saturday 9.1 format? (389.6016ms)
✔ 0722 current-rule scope and division applicability: What is the Weekday format? (70.2204ms)
✔ 0722 overall roster question cannot use fielded-player rule (13.4049ms)
✔ 0722 document identity: Show me the Captains Guide (0.2269ms)
✔ 0722 document identity: Where are the Important Dates? (0.0596ms)
✔ 0722 document identity: Where is the Players Guide? (0.093ms)
✔ 0722 document identity: Where is the USAP rulebook? (0.1168ms)
✔ 0722 account identity embedded in how-to remains protected (0.1844ms)
✔ 0722 MUST PASS named-league evidence and absence of foreign scope: How many players do I need for the PrimeTime League? (13.0448ms)
✔ 0722 MUST PASS named-league evidence and absence of foreign scope: How many players do I need for the Saturday League? (11.4323ms)
✔ 0722 MUST PASS named-league evidence and absence of foreign scope: How many players do I need for Weekday? (8.479ms)
✔ 0722 MUST PASS named-league evidence and absence of foreign scope: How many players do I need for Weekday 9.1? (30.848ms)
✔ 0722 MUST PASS named-league evidence and absence of foreign scope: What kind of games will be played in the primetime league (18.4697ms)
✔ 0722 MUST PASS named-league evidence and absence of foreign scope: What kind of games will be played in the Saturday League? (16.4086ms)
✔ 0722 MUST PASS named-league evidence and absence of foreign scope: What is the PrimeTime match format? (7.0088ms)
✔ 0722 MUST PASS named-league evidence and absence of foreign scope: What is the Saturday match format? (11.8016ms)
✔ 0722 MUST PASS named-league evidence and absence of foreign scope: How many players do I need for PrimeTime? (7.0356ms)
✔ 0722 MUST PASS named-league evidence and absence of foreign scope: How many players do I need for Saturday? (6.884ms)
✔ 0722 MUST PASS named-league evidence and absence of foreign scope: How does the PrimeTime Picklebreaker work? (10.0303ms)
✔ 0722 MUST PASS named-league evidence and absence of foreign scope: How does the Saturday Picklebreaker work? (10.1615ms)
✔ 0722 adjoining numbered league passages override an ambiguous containing heading (1.3505ms)
(node:10220) [MODULE_TYPELESS_PACKAGE_JSON] Warning: Module type of file:///C:/lwrpc-league-system/.local-validation/fast-fix-ratings-success/lwrpc-admin/app/lib/aiQuestionConcepts.js is not specified and it doesn't parse as CommonJS.
Reparsing as ES module because module syntax was detected. This incurs a performance overhead.
To eliminate this warning, add "type": "module" to C:\lwrpc-league-system\.local-validation\fast-fix-ratings-success\lwrpc-admin\package.json.
(Use `node --trace-warnings ...` to show where the warning was created)
✔ Where can I find the seasons scoring sheet (17.7766ms)
✔ Where can I find the season's score sheet? (2.9254ms)
✔ Where do I get the Match Score Sheet? (3.0551ms)
✔ How do I print the scoring sheet? (3.7371ms)
✔ Where can I download a scoresheet? (2.4082ms)
✔ Where is the score sheet button? (2.8448ms)
✔ bounded assisted search recovers guide when initial results only contain printing prerequisite (30.3163ms)
✔ missing location or unrelated evidence cannot answer score-sheet access (3.2869ms)
✔ nearby score entry, scoring rules, personal records and document navigation stay separate (3.2168ms)
✔ location survives the four-source limit ahead of higher-scoring incidental sheets (3.5139ms)
ℹ tests 165
ℹ suites 0
ℹ pass 165
ℹ fail 0
ℹ cancelled 0
ℹ skipped 0
ℹ todo 0
ℹ duration_ms 9113.5941
